Component: ARM Compiler 5.06 update 6 (build 750) Tool: armlink [4d35ed]

==============================================================================

Section Cross References

    startup_stm32g431xx.o(RESET) refers to startup_stm32g431xx.o(STACK) for __initial_sp
    startup_stm32g431xx.o(RESET) refers to startup_stm32g431xx.o(.text) for Reset_Handler
    startup_stm32g431xx.o(RESET) refers to stm32g4xx_it.o(i.NMI_Handler) for NMI_Handler
    startup_stm32g431xx.o(RESET) refers to stm32g4xx_it.o(i.HardFault_Handler) for HardFault_Handler
    startup_stm32g431xx.o(RESET) refers to stm32g4xx_it.o(i.MemManage_Handler) for MemManage_Handler
    startup_stm32g431xx.o(RESET) refers to stm32g4xx_it.o(i.BusFault_Handler) for BusFault_Handler
    startup_stm32g431xx.o(RESET) refers to stm32g4xx_it.o(i.UsageFault_Handler) for UsageFault_Handler
    startup_stm32g431xx.o(RESET) refers to stm32g4xx_it.o(i.SVC_Handler) for SVC_Handler
    startup_stm32g431xx.o(RESET) refers to stm32g4xx_it.o(i.DebugMon_Handler) for DebugMon_Handler
    startup_stm32g431xx.o(RESET) refers to stm32g4xx_it.o(i.PendSV_Handler) for PendSV_Handler
    startup_stm32g431xx.o(RESET) refers to stm32g4xx_it.o(i.SysTick_Handler) for SysTick_Handler
    startup_stm32g431xx.o(RESET) refers to stm32g4xx_it.o(i.TIM3_IRQHandler) for TIM3_IRQHandler
    startup_stm32g431xx.o(RESET) refers to stm32g4xx_it.o(i.TIM4_IRQHandler) for TIM4_IRQHandler
    startup_stm32g431xx.o(RESET) refers to stm32g4xx_it.o(i.TIM6_DAC_IRQHandler) for TIM6_DAC_IRQHandler
    startup_stm32g431xx.o(.text) refers to system_stm32g4xx.o(i.SystemInit) for SystemInit
    startup_stm32g431xx.o(.text) refers to entry.o(.ARM.Collect$$$$00000000) for __main
    pwr_manage.o(i.allbutton_init) refers to multi_button.o(i.button_init) for button_init
    pwr_manage.o(i.allbutton_init) refers to multi_button.o(i.button_attach) for button_attach
    pwr_manage.o(i.allbutton_init) refers to multi_button.o(i.button_start) for button_start
    pwr_manage.o(i.allbutton_init) refers to pwr_manage.o(i.read_button2_GPIO) for read_button2_GPIO
    pwr_manage.o(i.allbutton_init) refers to pwr_manage.o(.bss) for button2
    pwr_manage.o(i.allbutton_init) refers to pwr_manage.o(i.button2_callback) for button2_callback
    pwr_manage.o(i.allbutton_init) refers to pwr_manage.o(i.read_button4_GPIO) for read_button4_GPIO
    pwr_manage.o(i.allbutton_init) refers to pwr_manage.o(i.button4_callback) for button4_callback
    pwr_manage.o(i.button2_callback) refers to multi_button.o(i.get_button_event) for get_button_event
    pwr_manage.o(i.button2_callback) refers to lcd.o(i.LCD_ShowChar) for LCD_ShowChar
    pwr_manage.o(i.button2_callback) refers to pwr_manage.o(.data) for state
    pwr_manage.o(i.button4_callback) refers to multi_button.o(i.get_button_event) for get_button_event
    pwr_manage.o(i.button4_callback) refers to stm32g4xx_hal_gpio.o(i.HAL_GPIO_TogglePin) for HAL_GPIO_TogglePin
    pwr_manage.o(i.read_button2_GPIO) refers to stm32g4xx_hal_gpio.o(i.HAL_GPIO_ReadPin) for HAL_GPIO_ReadPin
    pwr_manage.o(i.read_button4_GPIO) refers to stm32g4xx_hal_gpio.o(i.HAL_GPIO_ReadPin) for HAL_GPIO_ReadPin
    pwr_manage.o(i.set_parameter) refers to dfltui.o(.text) for __aeabi_ui2d
    pwr_manage.o(i.set_parameter) refers to dmul.o(.text) for __aeabi_dmul
    pwr_manage.o(i.set_parameter) refers to dflti.o(.text) for __aeabi_i2d
    pwr_manage.o(i.set_parameter) refers to dadd.o(.text) for __aeabi_dadd
    pwr_manage.o(i.set_parameter) refers to d2f.o(.text) for __aeabi_d2f
    pwr_manage.o(i.set_parameter) refers to pid.o(i.PID_realize) for PID_realize
    pwr_manage.o(i.set_parameter) refers to stm32g4xx_hal_dac.o(i.HAL_DAC_SetValue) for HAL_DAC_SetValue
    pwr_manage.o(i.set_parameter) refers to pwr_manage.o(.data) for set1
    pwr_manage.o(i.set_parameter) refers to main.o(.data) for actvol
    pwr_manage.o(i.set_parameter) refers to dac.o(.bss) for hdac1
    pwr_manage.o(i.show_set) refers to lcd.o(i.LCD_ShowString6432) for LCD_ShowString6432
    pwr_manage.o(i.show_set) refers to lcd.o(i.LCD_ShowString) for LCD_ShowString
    pwr_manage.o(i.show_set) refers to lcd.o(i.LCD_ShowChar) for LCD_ShowChar
    pwr_manage.o(i.show_set) refers to pwr_manage.o(.data) for set
    main.o(i.SystemClock_Config) refers to memseta.o(.text) for __aeabi_memclr4
    main.o(i.SystemClock_Config) refers to stm32g4xx_hal_pwr_ex.o(i.HAL_PWREx_ControlVoltageScaling) for HAL_PWREx_ControlVoltageScaling
    main.o(i.SystemClock_Config) refers to stm32g4xx_hal_rcc.o(i.HAL_RCC_OscConfig) for HAL_RCC_OscConfig
    main.o(i.SystemClock_Config) refers to main.o(i.Error_Handler) for Error_Handler
    main.o(i.SystemClock_Config) refers to stm32g4xx_hal_rcc.o(i.HAL_RCC_ClockConfig) for HAL_RCC_ClockConfig
    main.o(i.main) refers to stm32g4xx_hal.o(i.HAL_Init) for HAL_Init
    main.o(i.main) refers to main.o(i.SystemClock_Config) for SystemClock_Config
[...]
    Removing stm32g4xx_hal_tim_ex.o(i.TIMEx_DMACommutationHalfCplt), (20 bytes).
    Removing stm32g4xx_hal_tim_ex.o(i.TIM_CCxNChannelCmd), (34 bytes).
    Removing stm32g4xx_hal_tim_ex.o(i.TIM_DMADelayPulseNCplt), (104 bytes).
    Removing stm32g4xx_hal_tim_ex.o(i.TIM_DMAErrorCCxN), (68 bytes).
    Removing system_stm32g4xx.o(.rev16_text), (4 bytes).
    Removing system_stm32g4xx.o(.revsh_text), (4 bytes).
    Removing system_stm32g4xx.o(.rrx_text), (6 bytes).
    Removing system_stm32g4xx.o(i.SystemCoreClockUpdate), (156 bytes).

622 unused section(s) (total 57792 bytes) removed from the image.

==============================================================================

Image Symbol Table

    Local Symbols

    Symbol Name                              Value     Ov Type        Size  Object(Section)

    ../Core/Src/adc.c                        0x00000000   Number         0  adc.o ABSOLUTE
    ../Core/Src/dac.c                        0x00000000   Number         0  dac.o ABSOLUTE
    ../Core/Src/gpio.c                       0x00000000   Number         0  gpio.o ABSOLUTE
    ../Core/Src/main.c                       0x00000000   Number         0  main.o ABSOLUTE
    ../Core/Src/spi.c                        0x00000000   Number         0  spi.o ABSOLUTE
    ../Core/Src/stm32g4xx_hal_msp.c          0x00000000   Number         0  stm32g4xx_hal_msp.o ABSOLUTE
    ../Core/Src/stm32g4xx_it.c               0x00000000   Number         0  stm32g4xx_it.o ABSOLUTE
    ../Core/Src/system_stm32g4xx.c           0x00000000   Number         0  system_stm32g4xx.o ABSOLUTE
    ../Core/Src/tim.c                        0x00000000   Number         0  tim.o ABSOLUTE
    ../Drivers/STM32G4xx_HAL_Driver/Src/stm32g4xx_hal.c 0x00000000   Number         0  stm32g4xx_hal.o ABSOLUTE
    ../Drivers/STM32G4xx_HAL_Driver/Src/stm32g4xx_hal_adc.c 0x00000000   Number         0  stm32g4xx_hal_adc.o ABSOLUTE
    ../Drivers/STM32G4xx_HAL_Driver/Src/stm32g4xx_hal_adc_ex.c 0x00000000   Number         0  stm32g4xx_hal_adc_ex.o ABSOLUTE
    ../Drivers/STM32G4xx_HAL_Driver/Src/stm32g4xx_hal_cortex.c 0x00000000   Number         0  stm32g4xx_hal_cortex.o ABSOLUTE
    ../Drivers/STM32G4xx_HAL_Driver/Src/stm32g4xx_hal_dac.c 0x00000000   Number         0  stm32g4xx_hal_dac.o ABSOLUTE
    ../Drivers/STM32G4xx_HAL_Driver/Src/stm32g4xx_hal_dac_ex.c 0x00000000   Number         0  stm32g4xx_hal_dac_ex.o ABSOLUTE
    ../Drivers/STM32G4xx_HAL_Driver/Src/stm32g4xx_hal_dma.c 0x00000000   Number         0  stm32g4xx_hal_dma.o ABSOLUTE
    ../Drivers/STM32G4xx_HAL_Driver/Src/stm32g4xx_hal_dma_ex.c 0x00000000   Number         0  stm32g4xx_hal_dma_ex.o ABSOLUTE
    ../Drivers/STM32G4xx_HAL_Driver/Src/stm32g4xx_hal_exti.c 0x00000000   Number         0  stm32g4xx_hal_exti.o ABSOLUTE
    ../Drivers/STM32G4xx_HAL_Driver/Src/stm32g4xx_hal_flash.c 0x00000000   Number         0  stm32g4xx_hal_flash.o ABSOLUTE
    ../Drivers/STM32G4xx_HAL_Driver/Src/stm32g4xx_hal_flash_ex.c 0x00000000   Number         0  stm32g4xx_hal_flash_ex.o ABSOLUTE
    ../Drivers/STM32G4xx_HAL_Driver/Src/stm32g4xx_hal_flash_ramfunc.c 0x00000000   Number         0  stm32g4xx_hal_flash_ramfunc.o ABSOLUTE
    ../Drivers/STM32G4xx_HAL_Driver/Src/stm32g4xx_hal_gpio.c 0x00000000   Number         0  stm32g4xx_hal_gpio.o ABSOLUTE
    ../Drivers/STM32G4xx_HAL_Driver/Src/stm32g4xx_hal_pwr.c 0x00000000   Number         0  stm32g4xx_hal_pwr.o ABSOLUTE
    ../Drivers/STM32G4xx_HAL_Driver/Src/stm32g4xx_hal_pwr_ex.c 0x00000000   Number         0  stm32g4xx_hal_pwr_ex.o ABSOLUTE
    ../Drivers/STM32G4xx_HAL_Driver/Src/stm32g4xx_hal_rcc.c 0x00000000   Number         0  stm32g4xx_hal_rcc.o ABSOLUTE
    ../Drivers/STM32G4xx_HAL_Driver/Src/stm32g4xx_hal_rcc_ex.c 0x00000000   Number         0  stm32g4xx_hal_rcc_ex.o ABSOLUTE
    ../Drivers/STM32G4xx_HAL_Driver/Src/stm32g4xx_hal_spi.c 0x00000000   Number         0  stm32g4xx_hal_spi.o ABSOLUTE
    ../Drivers/STM32G4xx_HAL_Driver/Src/stm32g4xx_hal_spi_ex.c 0x00000000   Number         0  stm32g4xx_hal_spi_ex.o ABSOLUTE
    ../Drivers/STM32G4xx_HAL_Driver/Src/stm32g4xx_hal_tim.c 0x00000000   Number         0  stm32g4xx_hal_tim.o ABSOLUTE
    ../Drivers/STM32G4xx_HAL_Driver/Src/stm32g4xx_hal_tim_ex.c 0x00000000   Number         0  stm32g4xx_hal_tim_ex.o ABSOLUTE
    ../Drivers/STM32G4xx_HAL_Driver/Src/stm32g4xx_ll_adc.c 0x00000000   Number         0  stm32g4xx_ll_adc.o ABSOLUTE
    ../clib/../cmprslib/zerorunl2.c          0x00000000   Number         0  __dczerorl2.o ABSOLUTE
    ../clib/microlib/init/entry.s            0x00000000   Number         0  entry7a.o ABSOLUTE
    ../clib/microlib/init/entry.s            0x00000000   Number         0  entry7b.o ABSOLUTE
    ../clib/microlib/init/entry.s            0x00000000   Number         0  entry8a.o ABSOLUTE
    ../clib/microlib/init/entry.s            0x00000000   Number         0  entry8b.o ABSOLUTE
    ../clib/microlib/init/entry.s            0x00000000   Number         0  entry9a.o ABSOLUTE
    ../clib/microlib/init/entry.s            0x00000000   Number         0  entry11b.o ABSOLUTE
    ../clib/microlib/init/entry.s            0x00000000   Number         0  entry.o ABSOLUTE
    ../clib/microlib/init/entry.s            0x00000000   Number         0  entry2.o ABSOLUTE
    ../clib/microlib/init/entry.s            0x00000000   Number         0  entry10b.o ABSOLUTE
    ../clib/microlib/init/entry.s            0x00000000   Number         0  entry9b.o ABSOLUTE
    ../clib/microlib/init/entry.s            0x00000000   Number         0  entry5.o ABSOLUTE
    ../clib/microlib/init/entry.s            0x00000000   Number         0  entry10a.o ABSOLUTE
    ../clib/microlib/init/entry.s            0x00000000   Number         0  entry11a.o ABSOLUTE
    ../clib/microlib/longlong.c              0x00000000   Number         0  llushr.o ABSOLUTE
    ../clib/microlib/longlong.c              0x00000000   Number         0  llsshr.o ABSOLUTE
    ../clib/microlib/longlong.c              0x00000000   Number         0  llshl.o ABSOLUTE
    ../clib/microlib/string/memcpy.c         0x00000000   Number         0  memcpyb.o ABSOLUTE
    ../clib/microlib/string/memcpy.c         0x00000000   Number         0  memcpya.o ABSOLUTE
    ../clib/microlib/string/memset.c         0x00000000   Number         0  memseta.o ABSOLUTE
    ../clib/microlib/stubs.s                 0x00000000   Number         0  iusefp.o ABSOLUTE
    ../fplib/microlib/d2f.c                  0x00000000   Number         0  d2f.o ABSOLUTE
    ../fplib/microlib/fpadd.c                0x00000000   Number         0  dadd.o ABSOLUTE
    ../fplib/microlib/fpdiv.c                0x00000000   Number         0  ddiv.o ABSOLUTE
    ../fplib/microlib/fpepilogue.c           0x00000000   Number         0  depilogue.o ABSOLUTE
    ../fplib/microlib/fpepilogue.c           0x00000000   Number         0  fepilogue.o ABSOLUTE
    ../fplib/microlib/fpfix.c                0x00000000   Number         0  dfixui.o ABSOLUTE
    ../fplib/microlib/fpflt.c                0x00000000   Number         0  dfltui.o ABSOLUTE
    ../fplib/microlib/fpflt.c                0x00000000   Number         0  dflti.o ABSOLUTE
    ../fplib/microlib/fpmul.c                0x00000000   Number         0  dmul.o ABSOLUTE
    ..\Core\Src\adc.c                        0x00000000   Number         0  adc.o ABSOLUTE
    ..\Core\Src\dac.c                        0x00000000   Number         0  dac.o ABSOLUTE
    ..\Core\Src\gpio.c                       0x00000000   Number         0  gpio.o ABSOLUTE
    ..\Core\Src\main.c                       0x00000000   Number         0  main.o ABSOLUTE
    ..\Core\Src\spi.c                        0x00000000   Number         0  spi.o ABSOLUTE
    ..\Core\Src\stm32g4xx_hal_msp.c          0x00000000   Number         0  stm32g4xx_hal_msp.o ABSOLUTE
    ..\Core\Src\stm32g4xx_it.c               0x00000000   Number         0  stm32g4xx_it.o ABSOLUTE
    ..\Core\Src\system_stm32g4xx.c           0x00000000   Number         0  system_stm32g4xx.o ABSOLUTE
    ..\Core\Src\tim.c                        0x00000000   Number         0  tim.o ABSOLUTE
    ..\Drivers\STM32G4xx_HAL_Driver\Src\stm32g4xx_hal.c 0x00000000   Number         0  stm32g4xx_hal.o ABSOLUTE
    ..\Drivers\STM32G4xx_HAL_Driver\Src\stm32g4xx_hal_adc.c 0x00000000   Number         0  stm32g4xx_hal_adc.o ABSOLUTE
    ..\Drivers\STM32G4xx_HAL_Driver\Src\stm32g4xx_hal_adc_ex.c 0x00000000   Number         0  stm32g4xx_hal_adc_ex.o ABSOLUTE
    ..\Drivers\STM32G4xx_HAL_Driver\Src\stm32g4xx_hal_cortex.c 0x00000000   Number         0  stm32g4xx_hal_cortex.o ABSOLUTE
    ..\Drivers\STM32G4xx_HAL_Driver\Src\stm32g4xx_hal_dac.c 0x00000000   Number         0  stm32g4xx_hal_dac.o ABSOLUTE
    ..\Drivers\STM32G4xx_HAL_Driver\Src\stm32g4xx_hal_dac_ex.c 0x00000000   Number         0  stm32g4xx_hal_dac_ex.o ABSOLUTE
    ..\Drivers\STM32G4xx_HAL_Driver\Src\stm32g4xx_hal_dma.c 0x00000000   Number         0  stm32g4xx_hal_dma.o ABSOLUTE
    ..\Drivers\STM32G4xx_HAL_Driver\Src\stm32g4xx_hal_dma_ex.c 0x00000000   Number         0  stm32g4xx_hal_dma_ex.o ABSOLUTE
    ..\Drivers\STM32G4xx_HAL_Driver\Src\stm32g4xx_hal_exti.c 0x00000000   Number         0  stm32g4xx_hal_exti.o ABSOLUTE
    ..\Drivers\STM32G4xx_HAL_Driver\Src\stm32g4xx_hal_flash.c 0x00000000   Number         0  stm32g4xx_hal_flash.o ABSOLUTE
    ..\Drivers\STM32G4xx_HAL_Driver\Src\stm32g4xx_hal_flash_ex.c 0x00000000   Number         0  stm32g4xx_hal_flash_ex.o ABSOLUTE
    ..\Drivers\STM32G4xx_HAL_Driver\Src\stm32g4xx_hal_flash_ramfunc.c 0x00000000   Number         0  stm32g4xx_hal_flash_ramfunc.o ABSOLUTE
    ..\Drivers\STM32G4xx_HAL_Driver\Src\stm32g4xx_hal_gpio.c 0x00000000   Number         0  stm32g4xx_hal_gpio.o ABSOLUTE
    ..\Drivers\STM32G4xx_HAL_Driver\Src\stm32g4xx_hal_pwr.c 0x00000000   Number         0  stm32g4xx_hal_pwr.o ABSOLUTE
    ..\Drivers\STM32G4xx_HAL_Driver\Src\stm32g4xx_hal_pwr_ex.c 0x00000000   Number         0  stm32g4xx_hal_pwr_ex.o ABSOLUTE
    ..\Drivers\STM32G4xx_HAL_Driver\Src\stm32g4xx_hal_rcc.c 0x00000000   Number         0  stm32g4xx_hal_rcc.o ABSOLUTE
    ..\Drivers\STM32G4xx_HAL_Driver\Src\stm32g4xx_hal_rcc_ex.c 0x00000000   Number         0  stm32g4xx_hal_rcc_ex.o ABSOLUTE
    ..\Drivers\STM32G4xx_HAL_Driver\Src\stm32g4xx_hal_spi.c 0x00000000   Number         0  stm32g4xx_hal_spi.o ABSOLUTE
    ..\Drivers\STM32G4xx_HAL_Driver\Src\stm32g4xx_hal_spi_ex.c 0x00000000   Number         0  stm32g4xx_hal_spi_ex.o ABSOLUTE
    ..\Drivers\STM32G4xx_HAL_Driver\Src\stm32g4xx_hal_tim.c 0x00000000   Number         0  stm32g4xx_hal_tim.o ABSOLUTE
    ..\Drivers\STM32G4xx_HAL_Driver\Src\stm32g4xx_hal_tim_ex.c 0x00000000   Number         0  stm32g4xx_hal_tim_ex.o ABSOLUTE
    ..\HARDWARE\BUTTON\multi_button.c        0x00000000   Number         0  multi_button.o ABSOLUTE
    ..\HARDWARE\LCD\lcd.c                    0x00000000   Number         0  lcd.o ABSOLUTE
    ..\HARDWARE\PID\PID.c                    0x00000000   Number         0  pid.o ABSOLUTE
    ..\HARDWARE\PWR_MANAGE\pwr_manage.c      0x00000000   Number         0  pwr_manage.o ABSOLUTE
    ..\\HARDWARE\\LCD\\lcd.c                 0x00000000   Number         0  lcd.o ABSOLUTE
    ..\\HARDWARE\\PWR_MANAGE\\pwr_manage.c   0x00000000   Number         0  pwr_manage.o ABSOLUTE
    dc.s                                     0x00000000   Number         0  dc.o ABSOLUTE
    handlers.s                               0x00000000   Number         0  handlers.o ABSOLUTE
    init.s                                   0x00000000   Number         0  init.o ABSOLUTE
    startup_stm32g431xx.s                    0x00000000   Number         0  startup_stm32g431xx.o ABSOLUTE
    RESET                                    0x08000000   Section      472  startup_stm32g431xx.o(RESET)
    .ARM.Collect$$$$00000000                 0x080001d8   Section        0  entry.o(.ARM.Collect$$$$00000000)
    .ARM.Collect$$$$00000001                 0x080001d8   Section        4  entry2.o(.ARM.Collect$$$$00000001)
    .ARM.Collect$$$$00000004                 0x080001dc   Section        4  entry5.o(.ARM.Collect$$$$00000004)
    .ARM.Collect$$$$00000008                 0x080001e0   Section        0  entry7b.o(.ARM.Collect$$$$00000008)
    .ARM.Collect$$$$0000000A                 0x080001e0   Section        0  entry8b.o(.ARM.Collect$$$$0000000A)
    .ARM.Collect$$$$0000000B                 0x080001e0   Section        8  entry9a.o(.ARM.Collect$$$$0000000B)
    .ARM.Collect$$$$0000000D                 0x080001e8   Section        0  entry10a.o(.ARM.Collect$$$$0000000D)
    .ARM.Collect$$$$0000000F                 0x080001e8   Section        0  entry11a.o(.ARM.Collect$$$$0000000F)
    .ARM.Collect$$$$00002712                 0x080001e8   Section        4  entry2.o(.ARM.Collect$$$$00002712)
    __lit__00000000                          0x080001e8   Data           4  entry2.o(.ARM.Collect$$$$00002712)
    .text                                    0x080001ec   Section       36  startup_stm32g431xx.o(.text)
    $v0                                      0x080001ec   Number         0  startup_stm32g431xx.o(.text)
    .text                                    0x08000210   Section        0  memseta.o(.text)
    .text                                    0x08000234   Section        0  dadd.o(.text)
    .text                                    0x08000382   Section        0  dmul.o(.text)
    .text                                    0x08000466   Section        0  ddiv.o(.text)
    .text                                    0x08000544   Section        0  dflti.o(.text)
    .text                                    0x08000566   Section        0  dfltui.o(.text)
    .text                                    0x08000580   Section        0  dfixui.o(.text)
    .text                                    0x080005b2   Section        0  d2f.o(.text)
    .text                                    0x080005ea   Section        0  llshl.o(.text)
    .text                                    0x08000608   Section        0  llushr.o(.text)
    .text                                    0x08000628   Section        0  llsshr.o(.text)
    .text                                    0x0800064c   Section        0  fepilogue.o(.text)
    .text                                    0x0800064c   Section        0  iusefp.o(.text)
    .text                                    0x080006ba   Section        0  depilogue.o(.text)
    .text                                    0x08000774   Section       36  init.o(.text)
    .text                                    0x08000798   Section        0  __dczerorl2.o(.text)
    i.ADC_ConversionStop                     0x080007f0   Section        0  stm32g4xx_hal_adc.o(i.ADC_ConversionStop)
    i.ADC_Disable                            0x0800090c   Section        0  stm32g4xx_hal_adc.o(i.ADC_Disable)
    i.ADC_Enable                             0x080009a0   Section        0  stm32g4xx_hal_adc.o(i.ADC_Enable)
    i.BusFault_Handler                       0x08000a24   Section        0  stm32g4xx_it.o(i.BusFault_Handler)
    i.DebugMon_Handler                       0x08000a28   Section        0  stm32g4xx_it.o(i.DebugMon_Handler)
    i.Error_Handler                          0x08000a2a   Section        0  main.o(i.Error_Handler)
    i.GetCurrent                             0x08000a30   Section        0  adc.o(i.GetCurrent)
    i.GetVol                                 0x08000abc   Section        0  adc.o(i.GetVol)
    i.HAL_ADCEx_Calibration_Start            0x08000b68   Section        0  stm32g4xx_hal_adc_ex.o(i.HAL_ADCEx_Calibration_Start)
    i.HAL_ADCEx_MultiModeConfigChannel       0x08000c18   Section        0  stm32g4xx_hal_adc_ex.o(i.HAL_ADCEx_MultiModeConfigChannel)
    i.HAL_ADC_ConfigChannel                  0x08000d24   Section        0  stm32g4xx_hal_adc.o(i.HAL_ADC_ConfigChannel)
    i.HAL_ADC_GetValue                       0x0800122c   Section        0  stm32g4xx_hal_adc.o(i.HAL_ADC_GetValue)
    i.HAL_ADC_Init                           0x08001234   Section        0  stm32g4xx_hal_adc.o(i.HAL_ADC_Init)
    i.HAL_ADC_MspInit                        0x0800149c   Section        0  adc.o(i.HAL_ADC_MspInit)
    i.HAL_ADC_PollForConversion              0x080015c0   Section        0  stm32g4xx_hal_adc.o(i.HAL_ADC_PollForConversion)
    i.HAL_ADC_Start                          0x080016f8   Section        0  stm32g4xx_hal_adc.o(i.HAL_ADC_Start)
    i.HAL_ADC_Stop                           0x08001814   Section        0  stm32g4xx_hal_adc.o(i.HAL_ADC_Stop)
    i.HAL_DACEx_DMAUnderrunCallbackCh2       0x0800185e   Section        0  stm32g4xx_hal_dac_ex.o(i.HAL_DACEx_DMAUnderrunCallbackCh2)
    i.HAL_DAC_ConfigChannel                  0x08001860   Section        0  stm32g4xx_hal_dac.o(i.HAL_DAC_ConfigChannel)
    i.HAL_DAC_DMAUnderrunCallbackCh1         0x08001aac   Section        0  stm32g4xx_hal_dac.o(i.HAL_DAC_DMAUnderrunCallbackCh1)
    i.HAL_DAC_IRQHandler                     0x08001aae   Section        0  stm32g4xx_hal_dac.o(i.HAL_DAC_IRQHandler)
    i.HAL_DAC_Init                           0x08001b38   Section        0  stm32g4xx_hal_dac.o(i.HAL_DAC_Init)
    i.HAL_DAC_MspInit                        0x08001b60   Section        0  dac.o(i.HAL_DAC_MspInit)
    i.HAL_DAC_SetValue                       0x08001be0   Section        0  stm32g4xx_hal_dac.o(i.HAL_DAC_SetValue)
    i.HAL_DAC_Start                          0x08001c20   Section        0  stm32g4xx_hal_dac.o(i.HAL_DAC_Start)
    i.HAL_Delay                              0x08001ca0   Section        0  stm32g4xx_hal.o(i.HAL_Delay)
    i.HAL_GPIO_Init                          0x08001cc8   Section        0  stm32g4xx_hal_gpio.o(i.HAL_GPIO_Init)
    i.HAL_GPIO_ReadPin                       0x08001e94   Section        0  stm32g4xx_hal_gpio.o(i.HAL_GPIO_ReadPin)
    i.HAL_GPIO_TogglePin                     0x08001ea4   Section        0  stm32g4xx_hal_gpio.o(i.HAL_GPIO_TogglePin)
    i.HAL_GPIO_WritePin                      0x08001eb8   Section        0  stm32g4xx_hal_gpio.o(i.HAL_GPIO_WritePin)
    i.HAL_GetTick                            0x08001ec4   Section        0  stm32g4xx_hal.o(i.HAL_GetTick)
    i.HAL_IncTick                            0x08001ed0   Section        0  stm32g4xx_hal.o(i.HAL_IncTick)
    i.HAL_Init                               0x08001ee8   Section        0  stm32g4xx_hal.o(i.HAL_Init)
    i.HAL_InitTick                           0x08001f08   Section        0  stm32g4xx_hal.o(i.HAL_InitTick)
    i.HAL_MspInit                            0x08001f60   Section        0  stm32g4xx_hal_msp.o(i.HAL_MspInit)
    i.HAL_NVIC_EnableIRQ                     0x08001fa4   Section        0  stm32g4xx_hal_cortex.o(i.HAL_NVIC_EnableIRQ)
    i.HAL_NVIC_SetPriority                   0x08001fcc   Section        0  stm32g4xx_hal_cortex.o(i.HAL_NVIC_SetPriority)
    i.HAL_NVIC_SetPriorityGrouping           0x08002048   Section        0  stm32g4xx_hal_cortex.o(i.HAL_NVIC_SetPriorityGrouping)
    i.HAL_PWREx_ControlVoltageScaling        0x08002070   Section        0  stm32g4xx_hal_pwr_ex.o(i.HAL_PWREx_ControlVoltageScaling)
    i.HAL_PWREx_DisableUCPDDeadBattery       0x08002188   Section        0  stm32g4xx_hal_pwr_ex.o(i.HAL_PWREx_DisableUCPDDeadBattery)
    i.HAL_RCCEx_PeriphCLKConfig              0x0800219c   Section        0  stm32g4xx_hal_rcc_ex.o(i.HAL_RCCEx_PeriphCLKConfig)
    i.HAL_RCC_ClockConfig                    0x0800250c   Section        0  stm32g4xx_hal_rcc.o(i.HAL_RCC_ClockConfig)
    i.HAL_RCC_GetHCLKFreq                    0x08002730   Section        0  stm32g4xx_hal_rcc.o(i.HAL_RCC_GetHCLKFreq)
    i.HAL_RCC_GetSysClockFreq                0x0800273c   Section        0  stm32g4xx_hal_rcc.o(i.HAL_RCC_GetSysClockFreq)
    i.HAL_RCC_OscConfig                      0x080027d4   Section        0  stm32g4xx_hal_rcc.o(i.HAL_RCC_OscConfig)
    i.HAL_SPI_Init                           0x08002d3c   Section        0  stm32g4xx_hal_spi.o(i.HAL_SPI_Init)
    i.HAL_SPI_MspInit                        0x08002e38   Section        0  spi.o(i.HAL_SPI_MspInit)
    i.HAL_SPI_Transmit                       0x08002eb0   Section        0  stm32g4xx_hal_spi.o(i.HAL_SPI_Transmit)
    i.HAL_SYSTICK_Config                     0x0800309a   Section        0  stm32g4xx_hal_cortex.o(i.HAL_SYSTICK_Config)
    i.HAL_TIMEx_Break2Callback               0x080030ce   Section        0  stm32g4xx_hal_tim_ex.o(i.HAL_TIMEx_Break2Callback)
    i.HAL_TIMEx_BreakCallback                0x080030d0   Section        0  stm32g4xx_hal_tim_ex.o(i.HAL_TIMEx_BreakCallback)
    i.HAL_TIMEx_CommutCallback               0x080030d2   Section        0  stm32g4xx_hal_tim_ex.o(i.HAL_TIMEx_CommutCallback)
    i.HAL_TIMEx_DirectionChangeCallback      0x080030d4   Section        0  stm32g4xx_hal_tim_ex.o(i.HAL_TIMEx_DirectionChangeCallback)
    i.HAL_TIMEx_EncoderIndexCallback         0x080030d6   Section        0  stm32g4xx_hal_tim_ex.o(i.HAL_TIMEx_EncoderIndexCallback)
    i.HAL_TIMEx_IndexErrorCallback           0x080030d8   Section        0  stm32g4xx_hal_tim_ex.o(i.HAL_TIMEx_IndexErrorCallback)
    i.HAL_TIMEx_MasterConfigSynchronization  0x080030dc   Section        0  stm32g4xx_hal_tim_ex.o(i.HAL_TIMEx_MasterConfigSynchronization)
    i.HAL_TIMEx_TransitionErrorCallback      0x08003194   Section        0  stm32g4xx_hal_tim_ex.o(i.HAL_TIMEx_TransitionErrorCallback)
    i.HAL_TIM_Base_Init                      0x08003196   Section        0  stm32g4xx_hal_tim.o(i.HAL_TIM_Base_Init)
    i.HAL_TIM_Base_MspInit                   0x08003204   Section        0  tim.o(i.HAL_TIM_Base_MspInit)
    i.HAL_TIM_Base_Start_IT                  0x08003280   Section        0  stm32g4xx_hal_tim.o(i.HAL_TIM_Base_Start_IT)
    i.HAL_TIM_ConfigClockSource              0x0800331c   Section        0  stm32g4xx_hal_tim.o(i.HAL_TIM_ConfigClockSource)
    i.HAL_TIM_Encoder_Init                   0x08003450   Section        0  stm32g4xx_hal_tim.o(i.HAL_TIM_Encoder_Init)
    i.HAL_TIM_Encoder_MspInit                0x0800351c   Section        0  tim.o(i.HAL_TIM_Encoder_MspInit)
    i.HAL_TIM_Encoder_Start                  0x080035a4   Section        0  stm32g4xx_hal_tim.o(i.HAL_TIM_Encoder_Start)
    i.HAL_TIM_Encoder_Start_IT               0x08003670   Section        0  stm32g4xx_hal_tim.o(i.HAL_TIM_Encoder_Start_IT)
    i.HAL_TIM_IC_CaptureCallback             0x0800376c   Section        0  tim.o(i.HAL_TIM_IC_CaptureCallback)
    i.HAL_TIM_IRQHandler                     0x080038a0   Section        0  stm32g4xx_hal_tim.o(i.HAL_TIM_IRQHandler)
    i.HAL_TIM_OC_DelayElapsedCallback        0x08003ae0   Section        0  stm32g4xx_hal_tim.o(i.HAL_TIM_OC_DelayElapsedCallback)
    i.HAL_TIM_PWM_PulseFinishedCallback      0x08003ae2   Section        0  stm32g4xx_hal_tim.o(i.HAL_TIM_PWM_PulseFinishedCallback)
    i.HAL_TIM_PeriodElapsedCallback          0x08003ae4   Section        0  tim.o(i.HAL_TIM_PeriodElapsedCallback)
    i.HAL_TIM_TriggerCallback                0x08003b7c   Section        0  stm32g4xx_hal_tim.o(i.HAL_TIM_TriggerCallback)
    i.HardFault_Handler                      0x08003b7e   Section        0  stm32g4xx_it.o(i.HardFault_Handler)
    i.LCD_Address_Set                        0x08003b82   Section        0  lcd.o(i.LCD_Address_Set)
    i.LCD_Clear                              0x08003bbc   Section        0  lcd.o(i.LCD_Clear)
    i.LCD_DrawPoint                          0x08003be8   Section        0  lcd.o(i.LCD_DrawPoint)
    i.LCD_SPIWrit_Bus                        0x08003c04   Section        0  lcd.o(i.LCD_SPIWrit_Bus)
    i.LCD_ShowChar                           0x08003c1c   Section        0  lcd.o(i.LCD_ShowChar)
    i.LCD_ShowChar6432                       0x08003cec   Section        0  lcd.o(i.LCD_ShowChar6432)
    i.LCD_ShowNum6432                        0x08003dd0   Section        0  lcd.o(i.LCD_ShowNum6432)
    i.LCD_ShowString                         0x08003e64   Section        0  lcd.o(i.LCD_ShowString)
    i.LCD_ShowString6432                     0x08003ea4   Section        0  lcd.o(i.LCD_ShowString6432)
    i.LCD_WR_DATA                            0x08003ee4   Section        0  lcd.o(i.LCD_WR_DATA)
    i.LCD_WR_DATA8                           0x08003f1c   Section        0  lcd.o(i.LCD_WR_DATA8)
    i.LCD_WR_REG                             0x08003f4c   Section        0  lcd.o(i.LCD_WR_REG)
    i.LL_ADC_Enable                          0x08003f7c   Section        0  stm32g4xx_hal_adc.o(i.LL_ADC_Enable)
    LL_ADC_Enable                            0x08003f7d   Thumb Code    12  stm32g4xx_hal_adc.o(i.LL_ADC_Enable)
    i.LL_ADC_GetMultimode                    0x08003f8c   Section        0  stm32g4xx_hal_adc.o(i.LL_ADC_GetMultimode)
    LL_ADC_GetMultimode                      0x08003f8d   Thumb Code    10  stm32g4xx_hal_adc.o(i.LL_ADC_GetMultimode)
    i.LL_ADC_GetOffsetChannel                0x08003f96   Section        0  stm32g4xx_hal_adc.o(i.LL_ADC_GetOffsetChannel)
    LL_ADC_GetOffsetChannel                  0x08003f97   Thumb Code    18  stm32g4xx_hal_adc.o(i.LL_ADC_GetOffsetChannel)
    i.LL_ADC_INJ_IsConversionOngoing         0x08003fa8   Section        0  stm32g4xx_hal_adc.o(i.LL_ADC_INJ_IsConversionOngoing)
    LL_ADC_INJ_IsConversionOngoing           0x08003fa9   Thumb Code    10  stm32g4xx_hal_adc.o(i.LL_ADC_INJ_IsConversionOngoing)
    i.LL_ADC_IsDisableOngoing                0x08003fb2   Section        0  stm32g4xx_hal_adc.o(i.LL_ADC_IsDisableOngoing)
    LL_ADC_IsDisableOngoing                  0x08003fb3   Thumb Code    10  stm32g4xx_hal_adc.o(i.LL_ADC_IsDisableOngoing)
    i.LL_ADC_IsEnabled                       0x08003fbc   Section        0  stm32g4xx_hal_adc.o(i.LL_ADC_IsEnabled)
    LL_ADC_IsEnabled                         0x08003fbd   Thumb Code    10  stm32g4xx_hal_adc.o(i.LL_ADC_IsEnabled)
    i.LL_ADC_IsEnabled                       0x08003fc6   Section        0  stm32g4xx_hal_adc_ex.o(i.LL_ADC_IsEnabled)
    LL_ADC_IsEnabled                         0x08003fc7   Thumb Code    10  stm32g4xx_hal_adc_ex.o(i.LL_ADC_IsEnabled)
    i.LL_ADC_IsInternalRegulatorEnabled      0x08003fd0   Section        0  stm32g4xx_hal_adc.o(i.LL_ADC_IsInternalRegulatorEnabled)
    LL_ADC_IsInternalRegulatorEnabled        0x08003fd1   Thumb Code    10  stm32g4xx_hal_adc.o(i.LL_ADC_IsInternalRegulatorEnabled)
    i.LL_ADC_REG_IsConversionOngoing         0x08003fda   Section        0  stm32g4xx_hal_adc.o(i.LL_ADC_REG_IsConversionOngoing)
    LL_ADC_REG_IsConversionOngoing           0x08003fdb   Thumb Code    10  stm32g4xx_hal_adc.o(i.LL_ADC_REG_IsConversionOngoing)
    i.LL_ADC_REG_IsConversionOngoing         0x08003fe4   Section        0  stm32g4xx_hal_adc_ex.o(i.LL_ADC_REG_IsConversionOngoing)
    LL_ADC_REG_IsConversionOngoing           0x08003fe5   Thumb Code    10  stm32g4xx_hal_adc_ex.o(i.LL_ADC_REG_IsConversionOngoing)
    i.LL_ADC_REG_IsTriggerSourceSWStart      0x08003fee   Section        0  stm32g4xx_hal_adc.o(i.LL_ADC_REG_IsTriggerSourceSWStart)
    LL_ADC_REG_IsTriggerSourceSWStart        0x08003fef   Thumb Code    18  stm32g4xx_hal_adc.o(i.LL_ADC_REG_IsTriggerSourceSWStart)
    i.LL_ADC_REG_StartConversion             0x08004000   Section        0  stm32g4xx_hal_adc.o(i.LL_ADC_REG_StartConversion)
    LL_ADC_REG_StartConversion               0x08004001   Thumb Code    12  stm32g4xx_hal_adc.o(i.LL_ADC_REG_StartConversion)
    i.LL_ADC_SetChannelSamplingTime          0x08004010   Section        0  stm32g4xx_hal_adc.o(i.LL_ADC_SetChannelSamplingTime)
    LL_ADC_SetChannelSamplingTime            0x08004011   Thumb Code    40  stm32g4xx_hal_adc.o(i.LL_ADC_SetChannelSamplingTime)
    i.LL_ADC_SetCommonPathInternalCh         0x08004038   Section        0  stm32g4xx_hal_adc.o(i.LL_ADC_SetCommonPathInternalCh)
    LL_ADC_SetCommonPathInternalCh           0x08004039   Thumb Code    12  stm32g4xx_hal_adc.o(i.LL_ADC_SetCommonPathInternalCh)
    i.LL_ADC_SetOffsetState                  0x08004044   Section        0  stm32g4xx_hal_adc.o(i.LL_ADC_SetOffsetState)
    LL_ADC_SetOffsetState                    0x08004045   Thumb Code    22  stm32g4xx_hal_adc.o(i.LL_ADC_SetOffsetState)
    i.LL_ADC_SetSamplingTimeCommonConfig     0x0800405a   Section        0  stm32g4xx_hal_adc.o(i.LL_ADC_SetSamplingTimeCommonConfig)
    LL_ADC_SetSamplingTimeCommonConfig       0x0800405b   Thumb Code    12  stm32g4xx_hal_adc.o(i.LL_ADC_SetSamplingTimeCommonConfig)
    i.Lcd_Init                               0x08004068   Section        0  lcd.o(i.Lcd_Init)
    i.MX_ADC1_Init                           0x08004258   Section        0  adc.o(i.MX_ADC1_Init)
    i.MX_ADC2_Init                           0x0800430c   Section        0  adc.o(i.MX_ADC2_Init)
    i.MX_DAC1_Init                           0x08004394   Section        0  dac.o(i.MX_DAC1_Init)
    i.MX_GPIO_Init                           0x08004508   Section        0  gpio.o(i.MX_GPIO_Init)
    i.MX_SPI2_Init                           0x080045fc   Section        0  spi.o(i.MX_SPI2_Init)
    i.MX_TIM3_Init                           0x08004650   Section        0  tim.o(i.MX_TIM3_Init)
    i.MX_TIM4_Init                           0x080046ec   Section        0  tim.o(i.MX_TIM4_Init)
    i.MX_TIM6_Init                           0x08004764   Section        0  tim.o(i.MX_TIM6_Init)
    i.MemManage_Handler                      0x080047b8   Section        0  stm32g4xx_it.o(i.MemManage_Handler)
    i.NMI_Handler                            0x080047bc   Section        0  stm32g4xx_it.o(i.NMI_Handler)
    i.PID_init                               0x080047c0   Section        0  pid.o(i.PID_init)
    i.PID_realize                            0x08004818   Section        0  pid.o(i.PID_realize)
    i.PendSV_Handler                         0x08004888   Section        0  stm32g4xx_it.o(i.PendSV_Handler)
    i.RCC_GetSysClockFreqFromPLLSource       0x0800488c   Section        0  stm32g4xx_hal_rcc.o(i.RCC_GetSysClockFreqFromPLLSource)
    RCC_GetSysClockFreqFromPLLSource         0x0800488d   Thumb Code    90  stm32g4xx_hal_rcc.o(i.RCC_GetSysClockFreqFromPLLSource)
    i.SPI_EndRxTxTransaction                 0x080048f4   Section        0  stm32g4xx_hal_spi.o(i.SPI_EndRxTxTransaction)
    SPI_EndRxTxTransaction                   0x080048f5   Thumb Code   100  stm32g4xx_hal_spi.o(i.SPI_EndRxTxTransaction)
    i.SPI_WaitFifoStateUntilTimeout          0x08004958   Section        0  stm32g4xx_hal_spi.o(i.SPI_WaitFifoStateUntilTimeout)
    SPI_WaitFifoStateUntilTimeout            0x08004959   Thumb Code   242  stm32g4xx_hal_spi.o(i.SPI_WaitFifoStateUntilTimeout)
    i.SPI_WaitFlagStateUntilTimeout          0x08004a50   Section        0  stm32g4xx_hal_spi.o(i.SPI_WaitFlagStateUntilTimeout)
    SPI_WaitFlagStateUntilTimeout            0x08004a51   Thumb Code   210  stm32g4xx_hal_spi.o(i.SPI_WaitFlagStateUntilTimeout)
    i.SVC_Handler                            0x08004b28   Section        0  stm32g4xx_it.o(i.SVC_Handler)
    i.SysTick_Handler                        0x08004b2a   Section        0  stm32g4xx_it.o(i.SysTick_Handler)
    i.SystemClock_Config                     0x08004b32   Section        0  main.o(i.SystemClock_Config)
    i.SystemInit                             0x08004ba0   Section        0  system_stm32g4xx.o(i.SystemInit)
    i.TIM3_IRQHandler                        0x08004bb4   Section        0  stm32g4xx_it.o(i.TIM3_IRQHandler)
    i.TIM4_IRQHandler                        0x08004bc4   Section        0  stm32g4xx_it.o(i.TIM4_IRQHandler)
    i.TIM6_DAC_IRQHandler                    0x08004bd4   Section        0  stm32g4xx_it.o(i.TIM6_DAC_IRQHandler)
    i.TIM_Base_SetConfig                     0x08004bec   Section        0  stm32g4xx_hal_tim.o(i.TIM_Base_SetConfig)
    i.TIM_CCxChannelCmd                      0x08004ca8   Section        0  stm32g4xx_hal_tim.o(i.TIM_CCxChannelCmd)
    i.TIM_ETR_SetConfig                      0x08004cca   Section        0  stm32g4xx_hal_tim.o(i.TIM_ETR_SetConfig)
    i.TIM_ITRx_SetConfig                     0x08004ce0   Section        0  stm32g4xx_hal_tim.o(i.TIM_ITRx_SetConfig)
    TIM_ITRx_SetConfig                       0x08004ce1   Thumb Code    18  stm32g4xx_hal_tim.o(i.TIM_ITRx_SetConfig)
    i.TIM_TI1_ConfigInputStage               0x08004cf8   Section        0  stm32g4xx_hal_tim.o(i.TIM_TI1_ConfigInputStage)
    TIM_TI1_ConfigInputStage                 0x08004cf9   Thumb Code    38  stm32g4xx_hal_tim.o(i.TIM_TI1_ConfigInputStage)
    i.TIM_TI2_ConfigInputStage               0x08004d1e   Section        0  stm32g4xx_hal_tim.o(i.TIM_TI2_ConfigInputStage)
    TIM_TI2_ConfigInputStage                 0x08004d1f   Thumb Code    40  stm32g4xx_hal_tim.o(i.TIM_TI2_ConfigInputStage)
    i.UsageFault_Handler                     0x08004d46   Section        0  stm32g4xx_it.o(i.UsageFault_Handler)
    i.__NVIC_GetPriorityGrouping             0x08004d4c   Section        0  stm32g4xx_hal_cortex.o(i.__NVIC_GetPriorityGrouping)
    __NVIC_GetPriorityGrouping               0x08004d4d   Thumb Code    10  stm32g4xx_hal_cortex.o(i.__NVIC_GetPriorityGrouping)
    i.__NVIC_SetPriority                     0x08004d5c   Section        0  stm32g4xx_hal_cortex.o(i.__NVIC_SetPriority)
    __NVIC_SetPriority                       0x08004d5d   Thumb Code    32  stm32g4xx_hal_cortex.o(i.__NVIC_SetPriority)
    i.__scatterload_copy                     0x08004d84   Section       14  handlers.o(i.__scatterload_copy)
    i.__scatterload_null                     0x08004d92   Section        2  handlers.o(i.__scatterload_null)
    i.__scatterload_zeroinit                 0x08004d94   Section       14  handlers.o(i.__scatterload_zeroinit)
    i.allbutton_init                         0x08004da4   Section        0  pwr_manage.o(i.allbutton_init)
    i.button2_callback                       0x08004e04   Section        0  pwr_manage.o(i.button2_callback)
    i.button4_callback                       0x08004f4c   Section        0  pwr_manage.o(i.button4_callback)
    i.button_attach                          0x08004f70   Section        0  multi_button.o(i.button_attach)
    i.button_handler                         0x08004f7a   Section        0  multi_button.o(i.button_handler)
    i.button_init                            0x080051b8   Section        0  multi_button.o(i.button_init)
    i.button_start                           0x080051f4   Section        0  multi_button.o(i.button_start)
    i.button_ticks                           0x08005220   Section        0  multi_button.o(i.button_ticks)
    i.get_button_event                       0x0800523c   Section        0  multi_button.o(i.get_button_event)
    i.main                                   0x08005244   Section        0  main.o(i.main)
    i.mypow                                  0x080052dc   Section        0  lcd.o(i.mypow)
    i.read_button2_GPIO                      0x080052f4   Section        0  pwr_manage.o(i.read_button2_GPIO)
    i.read_button4_GPIO                      0x08005304   Section        0  pwr_manage.o(i.read_button4_GPIO)
    i.set_parameter                          0x08005314   Section        0  pwr_manage.o(i.set_parameter)
    i.show_set                               0x080053e8   Section        0  pwr_manage.o(i.show_set)
    .constdata                               0x080054c0   Section    29072  lcd.o(.constdata)
    .constdata                               0x0800c650   Section       24  system_stm32g4xx.o(.constdata)
    .data                                    0x20000000   Section       56  pwr_manage.o(.data)
    .data                                    0x20000038   Section        8  main.o(.data)
    .data                                    0x20000040   Section        4  adc.o(.data)
    HAL_RCC_ADC12_CLK_ENABLED                0x20000040   Data           4  adc.o(.data)
    .data                                    0x20000044   Section      868  lcd.o(.data)
    .data                                    0x200003a8   Section        4  multi_button.o(.data)
    head_handle                              0x200003a8   Data           4  multi_button.o(.data)
    .data                                    0x200003ac   Section       12  stm32g4xx_hal.o(.data)
    .data                                    0x200003b8   Section        4  system_stm32g4xx.o(.data)
    .bss                                     0x200003bc   Section       88  pwr_manage.o(.bss)
    .bss                                     0x20000414   Section      216  adc.o(.bss)
    .bss                                     0x200004ec   Section       20  dac.o(.bss)
    .bss                                     0x20000500   Section      100  spi.o(.bss)
    .bss                                     0x20000564   Section      228  tim.o(.bss)
    .bss                                     0x20000648   Section       40  pid.o(.bss)
    STACK                                    0x20000670   Section     1024  startup_stm32g431xx.o(STACK)

    Global Symbols

    Symbol Name                              Value     Ov Type        Size  Object(Section)

    BuildAttributes$$THM_ISAv4$E$P$D$K$B$S$7EM$VFPi3$EXTD16$VFPS$VFMA$PE$A:L22UL41UL21$X:L11$S22US41US21$IEEE1$IW$USESV6$~STKCKD$USESV7$~SHL$OTIME$ROPI$EBA8$MICROLIB$REQ8$PRES8$EABIv2 0x00000000   Number         0  anon$$obj.o ABSOLUTE
    __ARM_use_no_argv                        0x00000000   Number         0  main.o ABSOLUTE
    __cpp_initialize__aeabi_                  - Undefined Weak Reference
    __cxa_finalize                            - Undefined Weak Reference
    _clock_init                               - Undefined Weak Reference
    _microlib_exit                            - Undefined Weak Reference
    __Vectors_Size                           0x000001d8   Number         0  startup_stm32g431xx.o ABSOLUTE
    __Vectors                                0x08000000   Data           4  startup_stm32g431xx.o(RESET)
    __Vectors_End                            0x080001d8   Data           0  startup_stm32g431xx.o(RESET)
    __main                                   0x080001d9   Thumb Code     0  entry.o(.ARM.Collect$$$$00000000)
    _main_stk                                0x080001d9   Thumb Code     0  entry2.o(.ARM.Collect$$$$00000001)
    _main_scatterload                        0x080001dd   Thumb Code     0  entry5.o(.ARM.Collect$$$$00000004)
    __main_after_scatterload                 0x080001e1   Thumb Code     0  entry5.o(.ARM.Collect$$$$00000004)
    _main_clock                              0x080001e1   Thumb Code     0  entry7b.o(.ARM.Collect$$$$00000008)
    _main_cpp_init                           0x080001e1   Thumb Code     0  entry8b.o(.ARM.Collect$$$$0000000A)
    _main_init                               0x080001e1   Thumb Code     0  entry9a.o(.ARM.Collect$$$$0000000B)
    __rt_final_cpp                           0x080001e9   Thumb Code     0  entry10a.o(.ARM.Collect$$$$0000000D)
    __rt_final_exit                          0x080001e9   Thumb Code     0  entry11a.o(.ARM.Collect$$$$0000000F)
    Reset_Handler                            0x080001ed   Thumb Code     8  startup_stm32g431xx.o(.text)
    ADC1_2_IRQHandler                        0x08000207   Thumb Code     0  startup_stm32g431xx.o(.text)
    COMP1_2_3_IRQHandler                     0x08000207   Thumb Code     0  startup_stm32g431xx.o(.text)
    COMP4_IRQHandler                         0x08000207   Thumb Code     0  startup_stm32g431xx.o(.text)
    CORDIC_IRQHandler                        0x08000207   Thumb Code     0  startup_stm32g431xx.o(.text)
    CRS_IRQHandler                           0x08000207   Thumb Code     0  startup_stm32g431xx.o(.text)
    DMA1_Channel1_IRQHandler                 0x08000207   Thumb Code     0  startup_stm32g431xx.o(.text)
    DMA1_Channel2_IRQHandler                 0x08000207   Thumb Code     0  startup_stm32g431xx.o(.text)
    DMA1_Channel3_IRQHandler                 0x08000207   Thumb Code     0  startup_stm32g431xx.o(.text)
    DMA1_Channel4_IRQHandler                 0x08000207   Thumb Code     0  startup_stm32g431xx.o(.text)
    DMA1_Channel5_IRQHandler                 0x08000207   Thumb Code     0  startup_stm32g431xx.o(.text)
    DMA1_Channel6_IRQHandler                 0x08000207   Thumb Code     0  startup_stm32g431xx.o(.text)
    DMA2_Channel1_IRQHandler                 0x08000207   Thumb Code     0  startup_stm32g431xx.o(.text)
    DMA2_Channel2_IRQHandler                 0x08000207   Thumb Code     0  startup_stm32g431xx.o(.text)
    DMA2_Channel3_IRQHandler                 0x08000207   Thumb Code     0  startup_stm32g431xx.o(.text)
    DMA2_Channel4_IRQHandler                 0x08000207   Thumb Code     0  startup_stm32g431xx.o(.text)
    DMA2_Channel5_IRQHandler                 0x08000207   Thumb Code     0  startup_stm32g431xx.o(.text)
    DMA2_Channel6_IRQHandler                 0x08000207   Thumb Code     0  startup_stm32g431xx.o(.text)
    DMAMUX_OVR_IRQHandler                    0x08000207   Thumb Code     0  startup_stm32g431xx.o(.text)
    EXTI0_IRQHandler                         0x08000207   Thumb Code     0  startup_stm32g431xx.o(.text)
    EXTI15_10_IRQHandler                     0x08000207   Thumb Code     0  startup_stm32g431xx.o(.text)
    EXTI1_IRQHandler                         0x08000207   Thumb Code     0  startup_stm32g431xx.o(.text)
    EXTI2_IRQHandler                         0x08000207   Thumb Code     0  startup_stm32g431xx.o(.text)
    EXTI3_IRQHandler                         0x08000207   Thumb Code     0  startup_stm32g431xx.o(.text)
    EXTI4_IRQHandler                         0x08000207   Thumb Code     0  startup_stm32g431xx.o(.text)
    EXTI9_5_IRQHandler                       0x08000207   Thumb Code     0  startup_stm32g431xx.o(.text)
    FDCAN1_IT0_IRQHandler                    0x08000207   Thumb Code     0  startup_stm32g431xx.o(.text)
    FDCAN1_IT1_IRQHandler                    0x08000207   Thumb Code     0  startup_stm32g431xx.o(.text)
    FLASH_IRQHandler                         0x08000207   Thumb Code     0  startup_stm32g431xx.o(.text)
    FMAC_IRQHandler                          0x08000207   Thumb Code     0  startup_stm32g431xx.o(.text)
    FPU_IRQHandler                           0x08000207   Thumb Code     0  startup_stm32g431xx.o(.text)
    I2C1_ER_IRQHandler                       0x08000207   Thumb Code     0  startup_stm32g431xx.o(.text)
    I2C1_EV_IRQHandler                       0x08000207   Thumb Code     0  startup_stm32g431xx.o(.text)
    I2C2_ER_IRQHandler                       0x08000207   Thumb Code     0  startup_stm32g431xx.o(.text)
    I2C2_EV_IRQHandler                       0x08000207   Thumb Code     0  startup_stm32g431xx.o(.text)
    I2C3_ER_IRQHandler                       0x08000207   Thumb Code     0  startup_stm32g431xx.o(.text)
    I2C3_EV_IRQHandler                       0x08000207   Thumb Code     0  startup_stm32g431xx.o(.text)
    LPTIM1_IRQHandler                        0x08000207   Thumb Code     0  startup_stm32g431xx.o(.text)
    LPUART1_IRQHandler                       0x08000207   Thumb Code     0  startup_stm32g431xx.o(.text)
    PVD_PVM_IRQHandler                       0x08000207   Thumb Code     0  startup_stm32g431xx.o(.text)
    RCC_IRQHandler                           0x08000207   Thumb Code     0  startup_stm32g431xx.o(.text)
    RNG_IRQHandler                           0x08000207   Thumb Code     0  startup_stm32g431xx.o(.text)
    RTC_Alarm_IRQHandler                     0x08000207   Thumb Code     0  startup_stm32g431xx.o(.text)
    RTC_TAMP_LSECSS_IRQHandler               0x08000207   Thumb Code     0  startup_stm32g431xx.o(.text)
    RTC_WKUP_IRQHandler                      0x08000207   Thumb Code     0  startup_stm32g431xx.o(.text)
    SAI1_IRQHandler                          0x08000207   Thumb Code     0  startup_stm32g431xx.o(.text)
    SPI1_IRQHandler                          0x08000207   Thumb Code     0  startup_stm32g431xx.o(.text)
    SPI2_IRQHandler                          0x08000207   Thumb Code     0  startup_stm32g431xx.o(.text)
    SPI3_IRQHandler                          0x08000207   Thumb Code     0  startup_stm32g431xx.o(.text)
    TIM1_BRK_TIM15_IRQHandler                0x08000207   Thumb Code     0  startup_stm32g431xx.o(.text)
    TIM1_CC_IRQHandler                       0x08000207   Thumb Code     0  startup_stm32g431xx.o(.text)
    TIM1_TRG_COM_TIM17_IRQHandler            0x08000207   Thumb Code     0  startup_stm32g431xx.o(.text)
    TIM1_UP_TIM16_IRQHandler                 0x08000207   Thumb Code     0  startup_stm32g431xx.o(.text)
    TIM2_IRQHandler                          0x08000207   Thumb Code     0  startup_stm32g431xx.o(.text)
    TIM7_IRQHandler                          0x08000207   Thumb Code     0  startup_stm32g431xx.o(.text)
    TIM8_BRK_IRQHandler                      0x08000207   Thumb Code     0  startup_stm32g431xx.o(.text)
    TIM8_CC_IRQHandler                       0x08000207   Thumb Code     0  startup_stm32g431xx.o(.text)
    TIM8_TRG_COM_IRQHandler                  0x08000207   Thumb Code     0  startup_stm32g431xx.o(.text)
    TIM8_UP_IRQHandler                       0x08000207   Thumb Code     0  startup_stm32g431xx.o(.text)
    UART4_IRQHandler                         0x08000207   Thumb Code     0  startup_stm32g431xx.o(.text)
    UCPD1_IRQHandler                         0x08000207   Thumb Code     0  startup_stm32g431xx.o(.text)
    USART1_IRQHandler                        0x08000207   Thumb Code     0  startup_stm32g431xx.o(.text)
    USART2_IRQHandler                        0x08000207   Thumb Code     0  startup_stm32g431xx.o(.text)
    USART3_IRQHandler                        0x08000207   Thumb Code     0  startup_stm32g431xx.o(.text)
    USBWakeUp_IRQHandler                     0x08000207   Thumb Code     0  startup_stm32g431xx.o(.text)
    USB_HP_IRQHandler                        0x08000207   Thumb Code     0  startup_stm32g431xx.o(.text)
    USB_LP_IRQHandler                        0x08000207   Thumb Code     0  startup_stm32g431xx.o(.text)
    WWDG_IRQHandler                          0x08000207   Thumb Code     0  startup_stm32g431xx.o(.text)
    __aeabi_memset                           0x08000211   Thumb Code    14  memseta.o(.text)
    __aeabi_memset4                          0x08000211   Thumb Code     0  memseta.o(.text)
    __aeabi_memset8                          0x08000211   Thumb Code     0  memseta.o(.text)
    __aeabi_memclr                           0x0800021f   Thumb Code     4  memseta.o(.text)
    __aeabi_memclr4                          0x0800021f   Thumb Code     0  memseta.o(.text)
    __aeabi_memclr8                          0x0800021f   Thumb Code     0  memseta.o(.text)
    _memset$wrapper                          0x08000223   Thumb Code    18  memseta.o(.text)
    __aeabi_dadd                             0x08000235   Thumb Code   322  dadd.o(.text)
    __aeabi_dsub                             0x08000377   Thumb Code     6  dadd.o(.text)
    __aeabi_drsub                            0x0800037d   Thumb Code     6  dadd.o(.text)
    __aeabi_dmul                             0x08000383   Thumb Code   228  dmul.o(.text)
    __aeabi_ddiv                             0x08000467   Thumb Code   222  ddiv.o(.text)
    __aeabi_i2d                              0x08000545   Thumb Code    34  dflti.o(.text)
    __aeabi_ui2d                             0x08000567   Thumb Code    26  dfltui.o(.text)
    __aeabi_d2uiz                            0x08000581   Thumb Code    50  dfixui.o(.text)
    __aeabi_d2f                              0x080005b3   Thumb Code    56  d2f.o(.text)
    __aeabi_llsl                             0x080005eb   Thumb Code    30  llshl.o(.text)
    _ll_shift_l                              0x080005eb   Thumb Code     0  llshl.o(.text)
    __aeabi_llsr                             0x08000609   Thumb Code    32  llushr.o(.text)
    _ll_ushift_r                             0x08000609   Thumb Code     0  llushr.o(.text)
    __aeabi_lasr                             0x08000629   Thumb Code    36  llsshr.o(.text)
    _ll_sshift_r                             0x08000629   Thumb Code     0  llsshr.o(.text)
    __I$use$fp                               0x0800064d   Thumb Code     0  iusefp.o(.text)
    _float_round                             0x0800064d   Thumb Code    18  fepilogue.o(.text)
    _float_epilogue                          0x0800065f   Thumb Code    92  fepilogue.o(.text)
    _double_round                            0x080006bb   Thumb Code    30  depilogue.o(.text)
    _double_epilogue                         0x080006d9   Thumb Code   156  depilogue.o(.text)
    __scatterload                            0x08000775   Thumb Code    28  init.o(.text)
    __scatterload_rt2                        0x08000775   Thumb Code     0  init.o(.text)
    __decompress                             0x08000799   Thumb Code     0  __dczerorl2.o(.text)
    __decompress1                            0x08000799   Thumb Code    86  __dczerorl2.o(.text)
    ADC_ConversionStop                       0x080007f1   Thumb Code   276  stm32g4xx_hal_adc.o(i.ADC_ConversionStop)
    ADC_Disable                              0x0800090d   Thumb Code   142  stm32g4xx_hal_adc.o(i.ADC_Disable)
    ADC_Enable                               0x080009a1   Thumb Code   128  stm32g4xx_hal_adc.o(i.ADC_Enable)
    BusFault_Handler                         0x08000a25   Thumb Code     4  stm32g4xx_it.o(i.BusFault_Handler)
    DebugMon_Handler                         0x08000a29   Thumb Code     2  stm32g4xx_it.o(i.DebugMon_Handler)
    Error_Handler                            0x08000a2b   Thumb Code     6  main.o(i.Error_Handler)
    GetCurrent                               0x08000a31   Thumb Code   112  adc.o(i.GetCurrent)
    GetVol                                   0x08000abd   Thumb Code   134  adc.o(i.GetVol)
    HAL_ADCEx_Calibration_Start              0x08000b69   Thumb Code   166  stm32g4xx_hal_adc_ex.o(i.HAL_ADCEx_Calibration_Start)
    HAL_ADCEx_MultiModeConfigChannel         0x08000c19   Thumb Code   260  stm32g4xx_hal_adc_ex.o(i.HAL_ADCEx_MultiModeConfigChannel)
    HAL_ADC_ConfigChannel                    0x08000d25   Thumb Code  1250  stm32g4xx_hal_adc.o(i.HAL_ADC_ConfigChannel)
    HAL_ADC_GetValue                         0x0800122d   Thumb Code     8  stm32g4xx_hal_adc.o(i.HAL_ADC_GetValue)
    HAL_ADC_Init                             0x08001235   Thumb Code   586  stm32g4xx_hal_adc.o(i.HAL_ADC_Init)
    HAL_ADC_MspInit                          0x0800149d   Thumb Code   278  adc.o(i.HAL_ADC_MspInit)
    HAL_ADC_PollForConversion                0x080015c1   Thumb Code   302  stm32g4xx_hal_adc.o(i.HAL_ADC_PollForConversion)
    HAL_ADC_Start                            0x080016f9   Thumb Code   276  stm32g4xx_hal_adc.o(i.HAL_ADC_Start)
    HAL_ADC_Stop                             0x08001815   Thumb Code    74  stm32g4xx_hal_adc.o(i.HAL_ADC_Stop)
    HAL_DACEx_DMAUnderrunCallbackCh2         0x0800185f   Thumb Code     2  stm32g4xx_hal_dac_ex.o(i.HAL_DACEx_DMAUnderrunCallbackCh2)
    HAL_DAC_ConfigChannel                    0x08001861   Thumb Code   578  stm32g4xx_hal_dac.o(i.HAL_DAC_ConfigChannel)
    HAL_DAC_DMAUnderrunCallbackCh1           0x08001aad   Thumb Code     2  stm32g4xx_hal_dac.o(i.HAL_DAC_DMAUnderrunCallbackCh1)
    HAL_DAC_IRQHandler                       0x08001aaf   Thumb Code   138  stm32g4xx_hal_dac.o(i.HAL_DAC_IRQHandler)
    HAL_DAC_Init                             0x08001b39   Thumb Code    40  stm32g4xx_hal_dac.o(i.HAL_DAC_Init)
    HAL_DAC_MspInit                          0x08001b61   Thumb Code   118  dac.o(i.HAL_DAC_MspInit)
    HAL_DAC_SetValue                         0x08001be1   Thumb Code    64  stm32g4xx_hal_dac.o(i.HAL_DAC_SetValue)
    HAL_DAC_Start                            0x08001c21   Thumb Code   128  stm32g4xx_hal_dac.o(i.HAL_DAC_Start)
    HAL_Delay                                0x08001ca1   Thumb Code    36  stm32g4xx_hal.o(i.HAL_Delay)
    HAL_GPIO_Init                            0x08001cc9   Thumb Code   428  stm32g4xx_hal_gpio.o(i.HAL_GPIO_Init)
    HAL_GPIO_ReadPin                         0x08001e95   Thumb Code    16  stm32g4xx_hal_gpio.o(i.HAL_GPIO_ReadPin)
    HAL_GPIO_TogglePin                       0x08001ea5   Thumb Code    20  stm32g4xx_hal_gpio.o(i.HAL_GPIO_TogglePin)
    HAL_GPIO_WritePin                        0x08001eb9   Thumb Code    10  stm32g4xx_hal_gpio.o(i.HAL_GPIO_WritePin)
    HAL_GetTick                              0x08001ec5   Thumb Code     6  stm32g4xx_hal.o(i.HAL_GetTick)
    HAL_IncTick                              0x08001ed1   Thumb Code    16  stm32g4xx_hal.o(i.HAL_IncTick)
    HAL_Init                                 0x08001ee9   Thumb Code    30  stm32g4xx_hal.o(i.HAL_Init)
    HAL_InitTick                             0x08001f09   Thumb Code    74  stm32g4xx_hal.o(i.HAL_InitTick)
    HAL_MspInit                              0x08001f61   Thumb Code    62  stm32g4xx_hal_msp.o(i.HAL_MspInit)
    HAL_NVIC_EnableIRQ                       0x08001fa5   Thumb Code    40  stm32g4xx_hal_cortex.o(i.HAL_NVIC_EnableIRQ)
    HAL_NVIC_SetPriority                     0x08001fcd   Thumb Code   122  stm32g4xx_hal_cortex.o(i.HAL_NVIC_SetPriority)
    HAL_NVIC_SetPriorityGrouping             0x08002049   Thumb Code    32  stm32g4xx_hal_cortex.o(i.HAL_NVIC_SetPriorityGrouping)
    HAL_PWREx_ControlVoltageScaling          0x08002071   Thumb Code   268  stm32g4xx_hal_pwr_ex.o(i.HAL_PWREx_ControlVoltageScaling)
    HAL_PWREx_DisableUCPDDeadBattery         0x08002189   Thumb Code    14  stm32g4xx_hal_pwr_ex.o(i.HAL_PWREx_DisableUCPDDeadBattery)
    HAL_RCCEx_PeriphCLKConfig                0x0800219d   Thumb Code   872  stm32g4xx_hal_rcc_ex.o(i.HAL_RCCEx_PeriphCLKConfig)
    HAL_RCC_ClockConfig                      0x0800250d   Thumb Code   522  stm32g4xx_hal_rcc.o(i.HAL_RCC_ClockConfig)
    HAL_RCC_GetHCLKFreq                      0x08002731   Thumb Code     6  stm32g4xx_hal_rcc.o(i.HAL_RCC_GetHCLKFreq)
    HAL_RCC_GetSysClockFreq                  0x0800273d   Thumb Code   138  stm32g4xx_hal_rcc.o(i.HAL_RCC_GetSysClockFreq)
    HAL_RCC_OscConfig                        0x080027d5   Thumb Code  1370  stm32g4xx_hal_rcc.o(i.HAL_RCC_OscConfig)
    HAL_SPI_Init                             0x08002d3d   Thumb Code   252  stm32g4xx_hal_spi.o(i.HAL_SPI_Init)
    HAL_SPI_MspInit                          0x08002e39   Thumb Code   108  spi.o(i.HAL_SPI_MspInit)
    HAL_SPI_Transmit                         0x08002eb1   Thumb Code   490  stm32g4xx_hal_spi.o(i.HAL_SPI_Transmit)
    HAL_SYSTICK_Config                       0x0800309b   Thumb Code    52  stm32g4xx_hal_cortex.o(i.HAL_SYSTICK_Config)
    HAL_TIMEx_Break2Callback                 0x080030cf   Thumb Code     2  stm32g4xx_hal_tim_ex.o(i.HAL_TIMEx_Break2Callback)
    HAL_TIMEx_BreakCallback                  0x080030d1   Thumb Code     2  stm32g4xx_hal_tim_ex.o(i.HAL_TIMEx_BreakCallback)
    HAL_TIMEx_CommutCallback                 0x080030d3   Thumb Code     2  stm32g4xx_hal_tim_ex.o(i.HAL_TIMEx_CommutCallback)
    HAL_TIMEx_DirectionChangeCallback        0x080030d5   Thumb Code     2  stm32g4xx_hal_tim_ex.o(i.HAL_TIMEx_DirectionChangeCallback)
    HAL_TIMEx_EncoderIndexCallback           0x080030d7   Thumb Code     2  stm32g4xx_hal_tim_ex.o(i.HAL_TIMEx_EncoderIndexCallback)
    HAL_TIMEx_IndexErrorCallback             0x080030d9   Thumb Code     2  stm32g4xx_hal_tim_ex.o(i.HAL_TIMEx_IndexErrorCallback)
    HAL_TIMEx_MasterConfigSynchronization    0x080030dd   Thumb Code   158  stm32g4xx_hal_tim_ex.o(i.HAL_TIMEx_MasterConfigSynchronization)
    HAL_TIMEx_TransitionErrorCallback        0x08003195   Thumb Code     2  stm32g4xx_hal_tim_ex.o(i.HAL_TIMEx_TransitionErrorCallback)
    HAL_TIM_Base_Init                        0x08003197   Thumb Code   110  stm32g4xx_hal_tim.o(i.HAL_TIM_Base_Init)
    HAL_TIM_Base_MspInit                     0x08003205   Thumb Code   112  tim.o(i.HAL_TIM_Base_MspInit)
    HAL_TIM_Base_Start_IT                    0x08003281   Thumb Code   130  stm32g4xx_hal_tim.o(i.HAL_TIM_Base_Start_IT)
    HAL_TIM_ConfigClockSource                0x0800331d   Thumb Code   300  stm32g4xx_hal_tim.o(i.HAL_TIM_ConfigClockSource)
    HAL_TIM_Encoder_Init                     0x08003451   Thumb Code   198  stm32g4xx_hal_tim.o(i.HAL_TIM_Encoder_Init)
    HAL_TIM_Encoder_MspInit                  0x0800351d   Thumb Code   122  tim.o(i.HAL_TIM_Encoder_MspInit)
    HAL_TIM_Encoder_Start                    0x080035a5   Thumb Code   204  stm32g4xx_hal_tim.o(i.HAL_TIM_Encoder_Start)
    HAL_TIM_Encoder_Start_IT                 0x08003671   Thumb Code   252  stm32g4xx_hal_tim.o(i.HAL_TIM_Encoder_Start_IT)
    HAL_TIM_IC_CaptureCallback               0x0800376d   Thumb Code   286  tim.o(i.HAL_TIM_IC_CaptureCallback)
    HAL_TIM_IRQHandler                       0x080038a1   Thumb Code   576  stm32g4xx_hal_tim.o(i.HAL_TIM_IRQHandler)
    HAL_TIM_OC_DelayElapsedCallback          0x08003ae1   Thumb Code     2  stm32g4xx_hal_tim.o(i.HAL_TIM_OC_DelayElapsedCallback)
    HAL_TIM_PWM_PulseFinishedCallback        0x08003ae3   Thumb Code     2  stm32g4xx_hal_tim.o(i.HAL_TIM_PWM_PulseFinishedCallback)
    HAL_TIM_PeriodElapsedCallback            0x08003ae5   Thumb Code   130  tim.o(i.HAL_TIM_PeriodElapsedCallback)
    HAL_TIM_TriggerCallback                  0x08003b7d   Thumb Code     2  stm32g4xx_hal_tim.o(i.HAL_TIM_TriggerCallback)
    HardFault_Handler                        0x08003b7f   Thumb Code     4  stm32g4xx_it.o(i.HardFault_Handler)
    LCD_Address_Set                          0x08003b83   Thumb Code    58  lcd.o(i.LCD_Address_Set)
    LCD_Clear                                0x08003bbd   Thumb Code    44  lcd.o(i.LCD_Clear)
    LCD_DrawPoint                            0x08003be9   Thumb Code    28  lcd.o(i.LCD_DrawPoint)
    LCD_SPIWrit_Bus                          0x08003c05   Thumb Code    18  lcd.o(i.LCD_SPIWrit_Bus)
    LCD_ShowChar                             0x08003c1d   Thumb Code   200  lcd.o(i.LCD_ShowChar)
    LCD_ShowChar6432                         0x08003ced   Thumb Code   220  lcd.o(i.LCD_ShowChar6432)
    LCD_ShowNum6432                          0x08003dd1   Thumb Code   142  lcd.o(i.LCD_ShowNum6432)
    LCD_ShowString                           0x08003e65   Thumb Code    64  lcd.o(i.LCD_ShowString)
    LCD_ShowString6432                       0x08003ea5   Thumb Code    64  lcd.o(i.LCD_ShowString6432)
    LCD_WR_DATA                              0x08003ee5   Thumb Code    52  lcd.o(i.LCD_WR_DATA)
    LCD_WR_DATA8                             0x08003f1d   Thumb Code    44  lcd.o(i.LCD_WR_DATA8)
    LCD_WR_REG                               0x08003f4d   Thumb Code    44  lcd.o(i.LCD_WR_REG)
    Lcd_Init                                 0x08004069   Thumb Code   490  lcd.o(i.Lcd_Init)
    MX_ADC1_Init                             0x08004259   Thumb Code   172  adc.o(i.MX_ADC1_Init)
    MX_ADC2_Init                             0x0800430d   Thumb Code   122  adc.o(i.MX_ADC2_Init)
    MX_DAC1_Init                             0x08004395   Thumb Code   312  dac.o(i.MX_DAC1_Init)
    MX_GPIO_Init                             0x08004509   Thumb Code   226  gpio.o(i.MX_GPIO_Init)
    MX_SPI2_Init                             0x080045fd   Thumb Code    74  spi.o(i.MX_SPI2_Init)
    MX_TIM3_Init                             0x08004651   Thumb Code   146  tim.o(i.MX_TIM3_Init)
    MX_TIM4_Init                             0x080046ed   Thumb Code   110  tim.o(i.MX_TIM4_Init)
    MX_TIM6_Init                             0x08004765   Thumb Code    76  tim.o(i.MX_TIM6_Init)
    MemManage_Handler                        0x080047b9   Thumb Code     4  stm32g4xx_it.o(i.MemManage_Handler)
    NMI_Handler                              0x080047bd   Thumb Code     4  stm32g4xx_it.o(i.NMI_Handler)
    PID_init                                 0x080047c1   Thumb Code    76  pid.o(i.PID_init)
    PID_realize                              0x08004819   Thumb Code   108  pid.o(i.PID_realize)
    PendSV_Handler                           0x08004889   Thumb Code     2  stm32g4xx_it.o(i.PendSV_Handler)
    SVC_Handler                              0x08004b29   Thumb Code     2  stm32g4xx_it.o(i.SVC_Handler)
    SysTick_Handler                          0x08004b2b   Thumb Code     8  stm32g4xx_it.o(i.SysTick_Handler)
    SystemClock_Config                       0x08004b33   Thumb Code   108  main.o(i.SystemClock_Config)
    SystemInit                               0x08004ba1   Thumb Code    14  system_stm32g4xx.o(i.SystemInit)
    TIM3_IRQHandler                          0x08004bb5   Thumb Code    10  stm32g4xx_it.o(i.TIM3_IRQHandler)
    TIM4_IRQHandler                          0x08004bc5   Thumb Code    10  stm32g4xx_it.o(i.TIM4_IRQHandler)
    TIM6_DAC_IRQHandler                      0x08004bd5   Thumb Code    16  stm32g4xx_it.o(i.TIM6_DAC_IRQHandler)
    TIM_Base_SetConfig                       0x08004bed   Thumb Code   158  stm32g4xx_hal_tim.o(i.TIM_Base_SetConfig)
    TIM_CCxChannelCmd                        0x08004ca9   Thumb Code    34  stm32g4xx_hal_tim.o(i.TIM_CCxChannelCmd)
    TIM_ETR_SetConfig                        0x08004ccb   Thumb Code    22  stm32g4xx_hal_tim.o(i.TIM_ETR_SetConfig)
    UsageFault_Handler                       0x08004d47   Thumb Code     4  stm32g4xx_it.o(i.UsageFault_Handler)
    __scatterload_copy                       0x08004d85   Thumb Code    14  handlers.o(i.__scatterload_copy)
    __scatterload_null                       0x08004d93   Thumb Code     2  handlers.o(i.__scatterload_null)
    __scatterload_zeroinit                   0x08004d95   Thumb Code    14  handlers.o(i.__scatterload_zeroinit)
    allbutton_init                           0x08004da5   Thumb Code    70  pwr_manage.o(i.allbutton_init)
    button2_callback                         0x08004e05   Thumb Code   306  pwr_manage.o(i.button2_callback)
    button4_callback                         0x08004f4d   Thumb Code    30  pwr_manage.o(i.button4_callback)
    button_attach                            0x08004f71   Thumb Code    10  multi_button.o(i.button_attach)
    button_handler                           0x08004f7b   Thumb Code   574  multi_button.o(i.button_handler)
    button_init                              0x080051b9   Thumb Code    60  multi_button.o(i.button_init)
    button_start                             0x080051f5   Thumb Code    38  multi_button.o(i.button_start)
    button_ticks                             0x08005221   Thumb Code    22  multi_button.o(i.button_ticks)
    get_button_event                         0x0800523d   Thumb Code     8  multi_button.o(i.get_button_event)
    main                                     0x08005245   Thumb Code   126  main.o(i.main)
    mypow                                    0x080052dd   Thumb Code    22  lcd.o(i.mypow)
    read_button2_GPIO                        0x080052f5   Thumb Code    12  pwr_manage.o(i.read_button2_GPIO)
    read_button4_GPIO                        0x08005305   Thumb Code    12  pwr_manage.o(i.read_button4_GPIO)
    set_parameter                            0x08005315   Thumb Code   178  pwr_manage.o(i.set_parameter)
    show_set                                 0x080053e9   Thumb Code   178  pwr_manage.o(i.show_set)
    asc2_1608                                0x080054c0   Data        1520  lcd.o(.constdata)
    asc2_6432                                0x08005ab0   Data       24320  lcd.o(.constdata)
    image                                    0x0800b9b0   Data        3200  lcd.o(.constdata)
    AHBPrescTable                            0x0800c650   Data          16  system_stm32g4xx.o(.constdata)
    APBPrescTable                            0x0800c660   Data           8  system_stm32g4xx.o(.constdata)
    Region$$Table$$Base                      0x0800c668   Number         0  anon$$obj.o(Region$$Table)
    Region$$Table$$Limit                     0x0800c688   Number         0  anon$$obj.o(Region$$Table)
    i                                        0x20000000   Data           4  pwr_manage.o(.data)
    state                                    0x20000004   Data           1  pwr_manage.o(.data)
    set                                      0x20000005   Data           8  pwr_manage.o(.data)
    set1                                     0x2000000d   Data           8  pwr_manage.o(.data)
    pos                                      0x20000018   Data          32  pwr_manage.o(.data)
    actvol                                   0x20000038   Data           4  main.o(.data)
    actcurrent                               0x2000003c   Data           4  main.o(.data)
    Hzk32                                    0x20000044   Data         640  lcd.o(.data)
    Hzk16                                    0x200002c4   Data         224  lcd.o(.data)
    BACK_COLOR                               0x200003a4   Data           4  lcd.o(.data)
    uwTick                                   0x200003ac   Data           4  stm32g4xx_hal.o(.data)
    uwTickPrio                               0x200003b0   Data           4  stm32g4xx_hal.o(.data)
    uwTickFreq                               0x200003b4   Data           4  stm32g4xx_hal.o(.data)
    SystemCoreClock                          0x200003b8   Data           4  system_stm32g4xx.o(.data)
    button2                                  0x200003bc   Data          44  pwr_manage.o(.bss)
    button4                                  0x200003e8   Data          44  pwr_manage.o(.bss)
    hadc1                                    0x20000414   Data         108  adc.o(.bss)
    hadc2                                    0x20000480   Data         108  adc.o(.bss)
    hdac1                                    0x200004ec   Data          20  dac.o(.bss)
    hspi2                                    0x20000500   Data         100  spi.o(.bss)
    htim3                                    0x20000564   Data          76  tim.o(.bss)
    htim4                                    0x200005b0   Data          76  tim.o(.bss)
    htim6                                    0x200005fc   Data          76  tim.o(.bss)
    pid                                      0x20000648   Data          40  pid.o(.bss)
    __initial_sp                             0x20000a70   Data           0  startup_stm32g431xx.o(STACK)



==============================================================================

Memory Map of the image

  Image Entry point : 0x080001d9

  Load Region LR_IROM1 (Base: 0x08000000, Size: 0x0000ca44, Max: 0x00020000, ABSOLUTE, COMPRESSED[0x0000c8e4])

    Execution Region ER_IROM1 (Exec base: 0x08000000, Load base: 0x08000000, Size: 0x0000c688, Max: 0x00020000, ABSOLUTE)

    Exec Addr    Load Addr    Size         Type   Attr      Idx    E Section Name        Object

    0x08000000   0x08000000   0x000001d8   Data   RO            3    RESET               startup_stm32g431xx.o
    0x080001d8   0x080001d8   0x00000000   Code   RO         4812  * .ARM.Collect$$$$00000000  mc_w.l(entry.o)
    0x080001d8   0x080001d8   0x00000004   Code   RO         4835    .ARM.Collect$$$$00000001  mc_w.l(entry2.o)
    0x080001dc   0x080001dc   0x00000004   Code   RO         4838    .ARM.Collect$$$$00000004  mc_w.l(entry5.o)
    0x080001e0   0x080001e0   0x00000000   Code   RO         4840    .ARM.Collect$$$$00000008  mc_w.l(entry7b.o)
    0x080001e0   0x080001e0   0x00000000   Code   RO         4842    .ARM.Collect$$$$0000000A  mc_w.l(entry8b.o)
    0x080001e0   0x080001e0   0x00000008   Code   RO         4843    .ARM.Collect$$$$0000000B  mc_w.l(entry9a.o)
    0x080001e8   0x080001e8   0x00000000   Code   RO         4845    .ARM.Collect$$$$0000000D  mc_w.l(entry10a.o)
    0x080001e8   0x080001e8   0x00000000   Code   RO         4847    .ARM.Collect$$$$0000000F  mc_w.l(entry11a.o)
    0x080001e8   0x080001e8   0x00000004   Code   RO         4836    .ARM.Collect$$$$00002712  mc_w.l(entry2.o)
    0x080001ec   0x080001ec   0x00000024   Code   RO            4    .text               startup_stm32g431xx.o
    0x08000210   0x08000210   0x00000024   Code   RO         4817    .text               mc_w.l(memseta.o)
    0x08000234   0x08000234   0x0000014e   Code   RO         4821    .text               mf_w.l(dadd.o)
    0x08000382   0x08000382   0x000000e4   Code   RO         4823    .text               mf_w.l(dmul.o)
    0x08000466   0x08000466   0x000000de   Code   RO         4825    .text               mf_w.l(ddiv.o)
    0x08000544   0x08000544   0x00000022   Code   RO         4827    .text               mf_w.l(dflti.o)
    0x08000566   0x08000566   0x0000001a   Code   RO         4829    .text               mf_w.l(dfltui.o)
    0x08000580   0x08000580   0x00000032   Code   RO         4831    .text               mf_w.l(dfixui.o)
    0x080005b2   0x080005b2   0x00000038   Code   RO         4833    .text               mf_w.l(d2f.o)
    0x080005ea   0x080005ea   0x0000001e   Code   RO         4849    .text               mc_w.l(llshl.o)
    0x08000608   0x08000608   0x00000020   Code   RO         4851    .text               mc_w.l(llushr.o)
    0x08000628   0x08000628   0x00000024   Code   RO         4853    .text               mc_w.l(llsshr.o)
    0x0800064c   0x0800064c   0x00000000   Code   RO         4855    .text               mc_w.l(iusefp.o)
    0x0800064c   0x0800064c   0x0000006e   Code   RO         4856    .text               mf_w.l(fepilogue.o)
    0x080006ba   0x080006ba   0x000000ba   Code   RO         4858    .text               mf_w.l(depilogue.o)
    0x08000774   0x08000774   0x00000024   Code   RO         4860    .text               mc_w.l(init.o)
    0x08000798   0x08000798   0x00000056   Code   RO         4870    .text               mc_w.l(__dczerorl2.o)
    0x080007ee   0x080007ee   0x00000002   PAD
    0x080007f0   0x080007f0   0x0000011c   Code   RO          931    i.ADC_ConversionStop  stm32g4xx_hal_adc.o
    0x0800090c   0x0800090c   0x00000094   Code   RO          935    i.ADC_Disable       stm32g4xx_hal_adc.o
    0x080009a0   0x080009a0   0x00000084   Code   RO          936    i.ADC_Enable        stm32g4xx_hal_adc.o
    0x08000a24   0x08000a24   0x00000004   Code   RO          528    i.BusFault_Handler  stm32g4xx_it.o
    0x08000a28   0x08000a28   0x00000002   Code   RO          529    i.DebugMon_Handler  stm32g4xx_it.o
    0x08000a2a   0x08000a2a   0x00000006   Code   RO          221    i.Error_Handler     main.o
    0x08000a30   0x08000a30   0x0000008c   Code   RO          303    i.GetCurrent        adc.o
    0x08000abc   0x08000abc   0x000000ac   Code   RO          304    i.GetVol            adc.o
    0x08000b68   0x08000b68   0x000000b0   Code   RO         1209    i.HAL_ADCEx_Calibration_Start  stm32g4xx_hal_adc_ex.o
    0x08000c18   0x08000c18   0x0000010c   Code   RO         1226    i.HAL_ADCEx_MultiModeConfigChannel  stm32g4xx_hal_adc_ex.o
    0x08000d24   0x08000d24   0x00000508   Code   RO          938    i.HAL_ADC_ConfigChannel  stm32g4xx_hal_adc.o
    0x0800122c   0x0800122c   0x00000008   Code   RO          945    i.HAL_ADC_GetValue  stm32g4xx_hal_adc.o
    0x08001234   0x08001234   0x00000268   Code   RO          947    i.HAL_ADC_Init      stm32g4xx_hal_adc.o
    0x0800149c   0x0800149c   0x00000124   Code   RO          306    i.HAL_ADC_MspInit   adc.o
    0x080015c0   0x080015c0   0x00000138   Code   RO          951    i.HAL_ADC_PollForConversion  stm32g4xx_hal_adc.o
    0x080016f8   0x080016f8   0x0000011c   Code   RO          953    i.HAL_ADC_Start     stm32g4xx_hal_adc.o
    0x08001814   0x08001814   0x0000004a   Code   RO          957    i.HAL_ADC_Stop      stm32g4xx_hal_adc.o
    0x0800185e   0x0800185e   0x00000002   Code   RO         3132    i.HAL_DACEx_DMAUnderrunCallbackCh2  stm32g4xx_hal_dac_ex.o
    0x08001860   0x08001860   0x0000024c   Code   RO         2986    i.HAL_DAC_ConfigChannel  stm32g4xx_hal_dac.o
    0x08001aac   0x08001aac   0x00000002   Code   RO         2989    i.HAL_DAC_DMAUnderrunCallbackCh1  stm32g4xx_hal_dac.o
    0x08001aae   0x08001aae   0x0000008a   Code   RO         2995    i.HAL_DAC_IRQHandler  stm32g4xx_hal_dac.o
    0x08001b38   0x08001b38   0x00000028   Code   RO         2996    i.HAL_DAC_Init      stm32g4xx_hal_dac.o
    0x08001b60   0x08001b60   0x00000080   Code   RO          365    i.HAL_DAC_MspInit   dac.o
    0x08001be0   0x08001be0   0x00000040   Code   RO         2999    i.HAL_DAC_SetValue  stm32g4xx_hal_dac.o
    0x08001c20   0x08001c20   0x00000080   Code   RO         3000    i.HAL_DAC_Start     stm32g4xx_hal_dac.o
    0x08001ca0   0x08001ca0   0x00000028   Code   RO         1450    i.HAL_Delay         stm32g4xx_hal.o
    0x08001cc8   0x08001cc8   0x000001cc   Code   RO         2201    i.HAL_GPIO_Init     stm32g4xx_hal_gpio.o
    0x08001e94   0x08001e94   0x00000010   Code   RO         2203    i.HAL_GPIO_ReadPin  stm32g4xx_hal_gpio.o
    0x08001ea4   0x08001ea4   0x00000014   Code   RO         2204    i.HAL_GPIO_TogglePin  stm32g4xx_hal_gpio.o
    0x08001eb8   0x08001eb8   0x0000000a   Code   RO         2205    i.HAL_GPIO_WritePin  stm32g4xx_hal_gpio.o
    0x08001ec2   0x08001ec2   0x00000002   PAD
    0x08001ec4   0x08001ec4   0x0000000c   Code   RO         1454    i.HAL_GetTick       stm32g4xx_hal.o
    0x08001ed0   0x08001ed0   0x00000018   Code   RO         1457    i.HAL_IncTick       stm32g4xx_hal.o
    0x08001ee8   0x08001ee8   0x0000001e   Code   RO         1458    i.HAL_Init          stm32g4xx_hal.o
    0x08001f06   0x08001f06   0x00000002   PAD
    0x08001f08   0x08001f08   0x00000058   Code   RO         1459    i.HAL_InitTick      stm32g4xx_hal.o
    0x08001f60   0x08001f60   0x00000044   Code   RO          622    i.HAL_MspInit       stm32g4xx_hal_msp.o
    0x08001fa4   0x08001fa4   0x00000028   Code   RO         2848    i.HAL_NVIC_EnableIRQ  stm32g4xx_hal_cortex.o
    0x08001fcc   0x08001fcc   0x0000007a   Code   RO         2854    i.HAL_NVIC_SetPriority  stm32g4xx_hal_cortex.o
    0x08002046   0x08002046   0x00000002   PAD
    0x08002048   0x08002048   0x00000028   Code   RO         2855    i.HAL_NVIC_SetPriorityGrouping  stm32g4xx_hal_cortex.o
    0x08002070   0x08002070   0x00000118   Code   RO         2604    i.HAL_PWREx_ControlVoltageScaling  stm32g4xx_hal_pwr_ex.o
    0x08002188   0x08002188   0x00000014   Code   RO         2616    i.HAL_PWREx_DisableUCPDDeadBattery  stm32g4xx_hal_pwr_ex.o
    0x0800219c   0x0800219c   0x00000370   Code   RO         1808    i.HAL_RCCEx_PeriphCLKConfig  stm32g4xx_hal_rcc_ex.o
    0x0800250c   0x0800250c   0x00000224   Code   RO         1678    i.HAL_RCC_ClockConfig  stm32g4xx_hal_rcc.o
    0x08002730   0x08002730   0x0000000c   Code   RO         1684    i.HAL_RCC_GetHCLKFreq  stm32g4xx_hal_rcc.o
    0x0800273c   0x0800273c   0x00000098   Code   RO         1688    i.HAL_RCC_GetSysClockFreq  stm32g4xx_hal_rcc.o
    0x080027d4   0x080027d4   0x00000568   Code   RO         1691    i.HAL_RCC_OscConfig  stm32g4xx_hal_rcc.o
    0x08002d3c   0x08002d3c   0x000000fc   Code   RO         3282    i.HAL_SPI_Init      stm32g4xx_hal_spi.o
    0x08002e38   0x08002e38   0x00000078   Code   RO          408    i.HAL_SPI_MspInit   spi.o
    0x08002eb0   0x08002eb0   0x000001ea   Code   RO         3290    i.HAL_SPI_Transmit  stm32g4xx_hal_spi.o
    0x0800309a   0x0800309a   0x00000034   Code   RO         2859    i.HAL_SYSTICK_Config  stm32g4xx_hal_cortex.o
    0x080030ce   0x080030ce   0x00000002   Code   RO         4349    i.HAL_TIMEx_Break2Callback  stm32g4xx_hal_tim_ex.o
    0x080030d0   0x080030d0   0x00000002   Code   RO         4350    i.HAL_TIMEx_BreakCallback  stm32g4xx_hal_tim_ex.o
    0x080030d2   0x080030d2   0x00000002   Code   RO         4351    i.HAL_TIMEx_CommutCallback  stm32g4xx_hal_tim_ex.o
    0x080030d4   0x080030d4   0x00000002   Code   RO         4362    i.HAL_TIMEx_DirectionChangeCallback  stm32g4xx_hal_tim_ex.o
    0x080030d6   0x080030d6   0x00000002   Code   RO         4376    i.HAL_TIMEx_EncoderIndexCallback  stm32g4xx_hal_tim_ex.o
    0x080030d8   0x080030d8   0x00000002   Code   RO         4390    i.HAL_TIMEx_IndexErrorCallback  stm32g4xx_hal_tim_ex.o
    0x080030da   0x080030da   0x00000002   PAD
    0x080030dc   0x080030dc   0x000000b8   Code   RO         4391    i.HAL_TIMEx_MasterConfigSynchronization  stm32g4xx_hal_tim_ex.o
    0x08003194   0x08003194   0x00000002   Code   RO         4412    i.HAL_TIMEx_TransitionErrorCallback  stm32g4xx_hal_tim_ex.o
    0x08003196   0x08003196   0x0000006e   Code   RO         3624    i.HAL_TIM_Base_Init  stm32g4xx_hal_tim.o
    0x08003204   0x08003204   0x0000007c   Code   RO          450    i.HAL_TIM_Base_MspInit  tim.o
    0x08003280   0x08003280   0x0000009c   Code   RO         3629    i.HAL_TIM_Base_Start_IT  stm32g4xx_hal_tim.o
    0x0800331c   0x0800331c   0x00000134   Code   RO         3633    i.HAL_TIM_ConfigClockSource  stm32g4xx_hal_tim.o
    0x08003450   0x08003450   0x000000cc   Code   RO         3645    i.HAL_TIM_Encoder_Init  stm32g4xx_hal_tim.o
    0x0800351c   0x0800351c   0x00000088   Code   RO          452    i.HAL_TIM_Encoder_MspInit  tim.o
    0x080035a4   0x080035a4   0x000000cc   Code   RO         3648    i.HAL_TIM_Encoder_Start  stm32g4xx_hal_tim.o
    0x08003670   0x08003670   0x000000fc   Code   RO         3650    i.HAL_TIM_Encoder_Start_IT  stm32g4xx_hal_tim.o
    0x0800376c   0x0800376c   0x00000134   Code   RO          453    i.HAL_TIM_IC_CaptureCallback  tim.o
    0x080038a0   0x080038a0   0x00000240   Code   RO         3672    i.HAL_TIM_IRQHandler  stm32g4xx_hal_tim.o
    0x08003ae0   0x08003ae0   0x00000002   Code   RO         3675    i.HAL_TIM_OC_DelayElapsedCallback  stm32g4xx_hal_tim.o
    0x08003ae2   0x08003ae2   0x00000002   Code   RO         3702    i.HAL_TIM_PWM_PulseFinishedCallback  stm32g4xx_hal_tim.o
    0x08003ae4   0x08003ae4   0x00000098   Code   RO          454    i.HAL_TIM_PeriodElapsedCallback  tim.o
    0x08003b7c   0x08003b7c   0x00000002   Code   RO         3715    i.HAL_TIM_TriggerCallback  stm32g4xx_hal_tim.o
    0x08003b7e   0x08003b7e   0x00000004   Code   RO          530    i.HardFault_Handler  stm32g4xx_it.o
    0x08003b82   0x08003b82   0x0000003a   Code   RO          647    i.LCD_Address_Set   lcd.o
    0x08003bbc   0x08003bbc   0x0000002c   Code   RO          648    i.LCD_Clear         lcd.o
    0x08003be8   0x08003be8   0x0000001c   Code   RO          654    i.LCD_DrawPoint     lcd.o
    0x08003c04   0x08003c04   0x00000018   Code   RO          658    i.LCD_SPIWrit_Bus   lcd.o
    0x08003c1c   0x08003c1c   0x000000d0   Code   RO          659    i.LCD_ShowChar      lcd.o
    0x08003cec   0x08003cec   0x000000e4   Code   RO          660    i.LCD_ShowChar6432  lcd.o
    0x08003dd0   0x08003dd0   0x00000094   Code   RO          664    i.LCD_ShowNum6432   lcd.o
    0x08003e64   0x08003e64   0x00000040   Code   RO          666    i.LCD_ShowString    lcd.o
    0x08003ea4   0x08003ea4   0x00000040   Code   RO          667    i.LCD_ShowString6432  lcd.o
    0x08003ee4   0x08003ee4   0x00000038   Code   RO          668    i.LCD_WR_DATA       lcd.o
    0x08003f1c   0x08003f1c   0x00000030   Code   RO          669    i.LCD_WR_DATA8      lcd.o
    0x08003f4c   0x08003f4c   0x00000030   Code   RO          670    i.LCD_WR_REG        lcd.o
    0x08003f7c   0x08003f7c   0x00000010   Code   RO          961    i.LL_ADC_Enable     stm32g4xx_hal_adc.o
    0x08003f8c   0x08003f8c   0x0000000a   Code   RO          962    i.LL_ADC_GetMultimode  stm32g4xx_hal_adc.o
    0x08003f96   0x08003f96   0x00000012   Code   RO          963    i.LL_ADC_GetOffsetChannel  stm32g4xx_hal_adc.o
    0x08003fa8   0x08003fa8   0x0000000a   Code   RO          964    i.LL_ADC_INJ_IsConversionOngoing  stm32g4xx_hal_adc.o
    0x08003fb2   0x08003fb2   0x0000000a   Code   RO          965    i.LL_ADC_IsDisableOngoing  stm32g4xx_hal_adc.o
    0x08003fbc   0x08003fbc   0x0000000a   Code   RO          966    i.LL_ADC_IsEnabled  stm32g4xx_hal_adc.o
    0x08003fc6   0x08003fc6   0x0000000a   Code   RO         1238    i.LL_ADC_IsEnabled  stm32g4xx_hal_adc_ex.o
    0x08003fd0   0x08003fd0   0x0000000a   Code   RO          967    i.LL_ADC_IsInternalRegulatorEnabled  stm32g4xx_hal_adc.o
    0x08003fda   0x08003fda   0x0000000a   Code   RO          968    i.LL_ADC_REG_IsConversionOngoing  stm32g4xx_hal_adc.o
    0x08003fe4   0x08003fe4   0x0000000a   Code   RO         1239    i.LL_ADC_REG_IsConversionOngoing  stm32g4xx_hal_adc_ex.o
    0x08003fee   0x08003fee   0x00000012   Code   RO          969    i.LL_ADC_REG_IsTriggerSourceSWStart  stm32g4xx_hal_adc.o
    0x08004000   0x08004000   0x00000010   Code   RO          970    i.LL_ADC_REG_StartConversion  stm32g4xx_hal_adc.o
    0x08004010   0x08004010   0x00000028   Code   RO          972    i.LL_ADC_SetChannelSamplingTime  stm32g4xx_hal_adc.o
    0x08004038   0x08004038   0x0000000c   Code   RO          973    i.LL_ADC_SetCommonPathInternalCh  stm32g4xx_hal_adc.o
    0x08004044   0x08004044   0x00000016   Code   RO          974    i.LL_ADC_SetOffsetState  stm32g4xx_hal_adc.o
    0x0800405a   0x0800405a   0x0000000c   Code   RO          975    i.LL_ADC_SetSamplingTimeCommonConfig  stm32g4xx_hal_adc.o
    0x08004066   0x08004066   0x00000002   PAD
    0x08004068   0x08004068   0x000001f0   Code   RO          672    i.Lcd_Init          lcd.o
    0x08004258   0x08004258   0x000000b4   Code   RO          307    i.MX_ADC1_Init      adc.o
    0x0800430c   0x0800430c   0x00000088   Code   RO          308    i.MX_ADC2_Init      adc.o
    0x08004394   0x08004394   0x00000174   Code   RO          366    i.MX_DAC1_Init      dac.o
    0x08004508   0x08004508   0x000000f4   Code   RO          279    i.MX_GPIO_Init      gpio.o
    0x080045fc   0x080045fc   0x00000054   Code   RO          409    i.MX_SPI2_Init      spi.o
    0x08004650   0x08004650   0x0000009c   Code   RO          455    i.MX_TIM3_Init      tim.o
    0x080046ec   0x080046ec   0x00000078   Code   RO          456    i.MX_TIM4_Init      tim.o
    0x08004764   0x08004764   0x00000054   Code   RO          457    i.MX_TIM6_Init      tim.o
    0x080047b8   0x080047b8   0x00000004   Code   RO          531    i.MemManage_Handler  stm32g4xx_it.o
    0x080047bc   0x080047bc   0x00000004   Code   RO          532    i.NMI_Handler       stm32g4xx_it.o
    0x080047c0   0x080047c0   0x00000058   Code   RO          904    i.PID_init          pid.o
    0x08004818   0x08004818   0x00000070   Code   RO          905    i.PID_realize       pid.o
    0x08004888   0x08004888   0x00000002   Code   RO          533    i.PendSV_Handler    stm32g4xx_it.o
    0x0800488a   0x0800488a   0x00000002   PAD
    0x0800488c   0x0800488c   0x00000068   Code   RO         1692    i.RCC_GetSysClockFreqFromPLLSource  stm32g4xx_hal_rcc.o
    0x080048f4   0x080048f4   0x00000064   Code   RO         3320    i.SPI_EndRxTxTransaction  stm32g4xx_hal_spi.o
    0x08004958   0x08004958   0x000000f8   Code   RO         3325    i.SPI_WaitFifoStateUntilTimeout  stm32g4xx_hal_spi.o
    0x08004a50   0x08004a50   0x000000d8   Code   RO         3326    i.SPI_WaitFlagStateUntilTimeout  stm32g4xx_hal_spi.o
    0x08004b28   0x08004b28   0x00000002   Code   RO          534    i.SVC_Handler       stm32g4xx_it.o
    0x08004b2a   0x08004b2a   0x00000008   Code   RO          535    i.SysTick_Handler   stm32g4xx_it.o
    0x08004b32   0x08004b32   0x0000006c   Code   RO          222    i.SystemClock_Config  main.o
    0x08004b9e   0x08004b9e   0x00000002   PAD
    0x08004ba0   0x08004ba0   0x00000014   Code   RO         4779    i.SystemInit        system_stm32g4xx.o
    0x08004bb4   0x08004bb4   0x00000010   Code   RO          536    i.TIM3_IRQHandler   stm32g4xx_it.o
    0x08004bc4   0x08004bc4   0x00000010   Code   RO          537    i.TIM4_IRQHandler   stm32g4xx_it.o
    0x08004bd4   0x08004bd4   0x00000018   Code   RO          538    i.TIM6_DAC_IRQHandler  stm32g4xx_it.o
    0x08004bec   0x08004bec   0x000000bc   Code   RO         3717    i.TIM_Base_SetConfig  stm32g4xx_hal_tim.o
    0x08004ca8   0x08004ca8   0x00000022   Code   RO         3718    i.TIM_CCxChannelCmd  stm32g4xx_hal_tim.o
    0x08004cca   0x08004cca   0x00000016   Code   RO         3728    i.TIM_ETR_SetConfig  stm32g4xx_hal_tim.o
    0x08004ce0   0x08004ce0   0x00000018   Code   RO         3729    i.TIM_ITRx_SetConfig  stm32g4xx_hal_tim.o
    0x08004cf8   0x08004cf8   0x00000026   Code   RO         3737    i.TIM_TI1_ConfigInputStage  stm32g4xx_hal_tim.o
    0x08004d1e   0x08004d1e   0x00000028   Code   RO         3739    i.TIM_TI2_ConfigInputStage  stm32g4xx_hal_tim.o
    0x08004d46   0x08004d46   0x00000004   Code   RO          539    i.UsageFault_Handler  stm32g4xx_it.o
    0x08004d4a   0x08004d4a   0x00000002   PAD
    0x08004d4c   0x08004d4c   0x00000010   Code   RO         2861    i.__NVIC_GetPriorityGrouping  stm32g4xx_hal_cortex.o
    0x08004d5c   0x08004d5c   0x00000028   Code   RO         2862    i.__NVIC_SetPriority  stm32g4xx_hal_cortex.o
    0x08004d84   0x08004d84   0x0000000e   Code   RO         4864    i.__scatterload_copy  mc_w.l(handlers.o)
    0x08004d92   0x08004d92   0x00000002   Code   RO         4865    i.__scatterload_null  mc_w.l(handlers.o)
    0x08004d94   0x08004d94   0x0000000e   Code   RO         4866    i.__scatterload_zeroinit  mc_w.l(handlers.o)
    0x08004da2   0x08004da2   0x00000002   PAD
    0x08004da4   0x08004da4   0x00000060   Code   RO           13    i.allbutton_init    pwr_manage.o
    0x08004e04   0x08004e04   0x00000148   Code   RO           14    i.button2_callback  pwr_manage.o
    0x08004f4c   0x08004f4c   0x00000024   Code   RO           15    i.button4_callback  pwr_manage.o
    0x08004f70   0x08004f70   0x0000000a   Code   RO          848    i.button_attach     multi_button.o
    0x08004f7a   0x08004f7a   0x0000023e   Code   RO          849    i.button_handler    multi_button.o
    0x080051b8   0x080051b8   0x0000003c   Code   RO          850    i.button_init       multi_button.o
    0x080051f4   0x080051f4   0x0000002c   Code   RO          851    i.button_start      multi_button.o
    0x08005220   0x08005220   0x0000001c   Code   RO          853    i.button_ticks      multi_button.o
    0x0800523c   0x0800523c   0x00000008   Code   RO          854    i.get_button_event  multi_button.o
    0x08005244   0x08005244   0x00000098   Code   RO          223    i.main              main.o
    0x080052dc   0x080052dc   0x00000016   Code   RO          673    i.mypow             lcd.o
    0x080052f2   0x080052f2   0x00000002   PAD
    0x080052f4   0x080052f4   0x00000010   Code   RO           16    i.read_button2_GPIO  pwr_manage.o
    0x08005304   0x08005304   0x00000010   Code   RO           17    i.read_button4_GPIO  pwr_manage.o
    0x08005314   0x08005314   0x000000d4   Code   RO           18    i.set_parameter     pwr_manage.o
    0x080053e8   0x080053e8   0x000000d8   Code   RO           19    i.show_set          pwr_manage.o
    0x080054c0   0x080054c0   0x00007190   Data   RO          674    .constdata          lcd.o
    0x0800c650   0x0800c650   0x00000018   Data   RO         4780    .constdata          system_stm32g4xx.o
    0x0800c668   0x0800c668   0x00000020   Data   RO         4862    Region$$Table       anon$$obj.o


    Execution Region RW_IRAM1 (Exec base: 0x20000000, Load base: 0x0800c688, Size: 0x00000a70, Max: 0x00008000, ABSOLUTE, COMPRESSED[0x0000025c])

    Exec Addr    Load Addr    Size         Type   Attr      Idx    E Section Name        Object

    0x20000000   COMPRESSED   0x00000038   Data   RW           21    .data               pwr_manage.o
    0x20000038   COMPRESSED   0x00000008   Data   RW          224    .data               main.o
    0x20000040   COMPRESSED   0x00000004   Data   RW          310    .data               adc.o
    0x20000044   COMPRESSED   0x00000364   Data   RW          675    .data               lcd.o
    0x200003a8   COMPRESSED   0x00000004   Data   RW          855    .data               multi_button.o
    0x200003ac   COMPRESSED   0x0000000c   Data   RW         1478    .data               stm32g4xx_hal.o
    0x200003b8   COMPRESSED   0x00000004   Data   RW         4781    .data               system_stm32g4xx.o
    0x200003bc        -       0x00000058   Zero   RW           20    .bss                pwr_manage.o
    0x20000414        -       0x000000d8   Zero   RW          309    .bss                adc.o
    0x200004ec        -       0x00000014   Zero   RW          367    .bss                dac.o
    0x20000500        -       0x00000064   Zero   RW          410    .bss                spi.o
    0x20000564        -       0x000000e4   Zero   RW          458    .bss                tim.o
    0x20000648        -       0x00000028   Zero   RW          906    .bss                pid.o
    0x20000670        -       0x00000400   Zero   RW            1    STACK               startup_stm32g431xx.o


==============================================================================

Image component sizes


      Code (inc. data)   RO Data    RW Data    ZI Data      Debug   Object Name

       920        102          0          4        216       3948   adc.o
       500         70          0          0         20       1923   dac.o
       244         18          0          0          0       1183   gpio.o
      1536         46      29072        868          0      11206   lcd.o
       266         26          0          8          0       1988   main.o
       724         18          0          4          0       5104   multi_button.o
       200         16          0          0         40       1703   pid.o
       920        134          0         56         88     674518   pwr_manage.o
       204         22          0          0        100       1689   spi.o
        36          8        472          0       1024        840   startup_stm32g431xx.o
       194         32          0         12          0       4357   stm32g4xx_hal.o
      3360        122          0          0          0      84301   stm32g4xx_hal_adc.o
       464         18          0          0          0      68965   stm32g4xx_hal_adc_ex.o
       310         22          0          0          0      34371   stm32g4xx_hal_cortex.o
       960         10          0          0          0       5348   stm32g4xx_hal_dac.o
         2          0          0          0          0       1003   stm32g4xx_hal_dac_ex.o
       506         32          0          0          0       3396   stm32g4xx_hal_gpio.o
        68          6          0          0          0        862   stm32g4xx_hal_msp.o
       300         18          0          0          0       1421   stm32g4xx_hal_pwr_ex.o
      2200         88          0          0          0       6118   stm32g4xx_hal_rcc.o
       880          8          0          0          0       1884   stm32g4xx_hal_rcc_ex.o
      1306         12          0          0          0       5558   stm32g4xx_hal_spi.o
      2162         84          0          0          0      13172   stm32g4xx_hal_tim.o
       198         26          0          0          0       5560   stm32g4xx_hal_tim_ex.o
        90         20          0          0          0       5768   stm32g4xx_it.o
        20          6         24          4          0       1139   system_stm32g4xx.o
      1080         98          0          0        228       5587   tim.o

    ----------------------------------------------------------------------
     19668       1062      29600        956       1716     952912   Object Totals
         0          0         32          0          0          0   (incl. Generated)
        18          0          0          0          0          0   (incl. Padding)

    ----------------------------------------------------------------------

      Code (inc. data)   RO Data    RW Data    ZI Data      Debug   Library Member Name

        86          0          0          0          0          0   __dczerorl2.o
         0          0          0          0          0          0   entry.o
         0          0          0          0          0          0   entry10a.o
         0          0          0          0          0          0   entry11a.o
         8          4          0          0          0          0   entry2.o
         4          0          0          0          0          0   entry5.o
         0          0          0          0          0          0   entry7b.o
         0          0          0          0          0          0   entry8b.o
         8          4          0          0          0          0   entry9a.o
        30          0          0          0          0          0   handlers.o
        36          8          0          0          0         68   init.o
         0          0          0          0          0          0   iusefp.o
        30          0          0          0          0         68   llshl.o
        36          0          0          0          0         68   llsshr.o
        32          0          0          0          0         68   llushr.o
        36          0          0          0          0        108   memseta.o
        56          0          0          0          0         88   d2f.o
       334          0          0          0          0        148   dadd.o
       222          0          0          0          0        100   ddiv.o
       186          0          0          0          0        176   depilogue.o
        50          0          0          0          0         76   dfixui.o
        34          0          0          0          0         76   dflti.o
        26          0          0          0          0         76   dfltui.o
       228          0          0          0          0         96   dmul.o
       110          0          0          0          0        168   fepilogue.o

    ----------------------------------------------------------------------
      1556         16          0          0          0       1384   Library Totals
         4          0          0          0          0          0   (incl. Padding)

    ----------------------------------------------------------------------

      Code (inc. data)   RO Data    RW Data    ZI Data      Debug   Library Name

       306         16          0          0          0        380   mc_w.l
      1246          0          0          0          0       1004   mf_w.l

    ----------------------------------------------------------------------
      1556         16          0          0          0       1384   Library Totals

    ----------------------------------------------------------------------

==============================================================================


      Code (inc. data)   RO Data    RW Data    ZI Data      Debug   

     21224       1078      29600        956       1716     939856   Grand Totals
     21224       1078      29600        604       1716     939856   ELF Image Totals (compressed)
     21224       1078      29600        604          0          0   ROM Totals

==============================================================================

    Total RO  Size (Code + RO Data)                50824 (  49.63kB)
    Total RW  Size (RW Data + ZI Data)              2672 (   2.61kB)
    Total ROM Size (Code + RO Data + RW Data)      51428 (  50.22kB)

==============================================================================

