<html>
<body>
<pre>
<h1>µVision Build Log</h1>
<h2>Tool Versions:</h2>
IDE-Version: ¦ÌVision V5.26.2.0
Copyright (C) 2018 ARM Ltd and ARM Germany GmbH. All rights reserved.
License Information: 1 1, 1, LIC=FYKYW-Q43W5-457T5-GVSMB-35TIL-CATCK
 
Tool Versions:
Toolchain:       MDK-ARM Plus  Version: 5.26.2.0
Toolchain Path:  D:\MDK\ARM\ARMCC\Bin
C Compiler:      Armcc.exe V5.06 update 6 (build 750)
Assembler:       Armasm.exe V5.06 update 6 (build 750)
Linker/Locator:  ArmLink.exe V5.06 update 6 (build 750)
Library Manager: ArmAr.exe V5.06 update 6 (build 750)
Hex Converter:   FromElf.exe V5.06 update 6 (build 750)
CPU DLL:         SARMCM3.DLL V5.26.2.0
Dialog DLL:      DCM.DLL V1.17.2.0
Target DLL:      Segger\JL2CM3.dll V2.99.31.0
Dialog DLL:      TCM.DLL V1.36.1.0
 
<h2>Project:</h2>
C:\Users\puppyL\Desktop\Projects\TFT-DCDC\MDK-ARM\TFT-DCDC.uvprojx
Project File Date:  09/17/2023

<h2>Output:</h2>
*** Using Compiler 'V5.06 update 6 (build 750)', folder: 'D:\MDK\ARM\ARMCC\Bin'
Build target 'TFT-DCDC'
compiling PID.c...
..\HARDWARE\PID\PID.h(20): warning:  #1-D: last line of file ends without a newline
  #endif
..\HARDWARE\PID\PID.c(28): warning:  #1-D: last line of file ends without a newline
  }
..\HARDWARE\PID\PID.c: 2 warnings, 0 errors
linking...
Program Size: Code=21224 RO-data=29600 RW-data=956 ZI-data=1716  
FromELF: creating hex file...
"TFT-DCDC\TFT-DCDC.axf" - 0 Error(s), 2 Warning(s).

<h2>Software Packages used:</h2>

Package Vendor: ARM
                http://www.keil.com/pack/ARM.CMSIS.5.4.0.pack
                ARM.CMSIS.5.4.0
                CMSIS (Cortex Microcontroller Software Interface Standard)
   * Component: CORE Version: 5.1.2

Package Vendor: Keil
                http://www.keil.com/pack/Keil.STM32G4xx_DFP.1.4.0.pack
                Keil.STM32G4xx_DFP.1.4.0
                STMicroelectronics STM32G4 Series Device Support, Drivers and Examples

<h2>Collection of Component include folders:</h2>
  .\RTE\_TFT-DCDC
  D:\MDK\ARM\PACK\ARM\CMSIS\5.4.0\CMSIS\Core\Include
  D:\MDK\ARM\PACK\Keil\STM32G4xx_DFP\1.4.0\Drivers\CMSIS\Device\ST\STM32G4xx\Include

<h2>Collection of Component Files used:</h2>

   * Component: ARM::CMSIS:CORE:5.1.2
Build Time Elapsed:  00:00:00
</pre>
</body>
</html>
